Archive member included to satisfy reference by file (symbol)

D:\WORK\Project\Github\etable\code\Arduino\AS7_test\AS7_test\ArduinoCore\Debug\libArduinoCore.a(HardwareSerial.o)
                              Sketch.o (_ZN14HardwareSerial5beginEmh)
D:\WORK\Project\Github\etable\code\Arduino\AS7_test\AS7_test\ArduinoCore\Debug\libArduinoCore.a(HardwareSerial0.o)
                              Sketch.o (Serial)
D:\WORK\Project\Github\etable\code\Arduino\AS7_test\AS7_test\ArduinoCore\Debug\libArduinoCore.a(main.o)
                              D:/Program Files (x86)/Atmel/Studio/7.0/Packs/atmel/ATmega_DFP/1.2.209/gcc/dev/atmega328p/avr5/crtatmega328p.o (main)
D:\WORK\Project\Github\etable\code\Arduino\AS7_test\AS7_test\ArduinoCore\Debug\libArduinoCore.a(Print.o)
                              D:\WORK\Project\Github\etable\code\Arduino\AS7_test\AS7_test\ArduinoCore\Debug\libArduinoCore.a(HardwareSerial.o) (_ZN5Print5writeEPKhj)
D:\WORK\Project\Github\etable\code\Arduino\AS7_test\AS7_test\ArduinoCore\Debug\libArduinoCore.a(wiring.o)
                              Sketch.o (delay)
D:\WORK\Project\Github\etable\code\Arduino\AS7_test\AS7_test\ArduinoCore\Debug\libArduinoCore.a(Wire.o)
                              Sketch.o (_ZN7TwoWire9availableEv)
D:\WORK\Project\Github\etable\code\Arduino\AS7_test\AS7_test\ArduinoCore\Debug\libArduinoCore.a(abi.o)
                              D:\WORK\Project\Github\etable\code\Arduino\AS7_test\AS7_test\ArduinoCore\Debug\libArduinoCore.a(Print.o) (__cxa_pure_virtual)
D:\WORK\Project\Github\etable\code\Arduino\AS7_test\AS7_test\ArduinoCore\Debug\libArduinoCore.a(hooks.o)
                              D:\WORK\Project\Github\etable\code\Arduino\AS7_test\AS7_test\ArduinoCore\Debug\libArduinoCore.a(wiring.o) (yield)
D:\WORK\Project\Github\etable\code\Arduino\AS7_test\AS7_test\ArduinoCore\Debug\libArduinoCore.a(twi.o)
                              D:\WORK\Project\Github\etable\code\Arduino\AS7_test\AS7_test\ArduinoCore\Debug\libArduinoCore.a(Wire.o) (twi_init)
D:\WORK\Project\Github\etable\code\Arduino\AS7_test\AS7_test\ArduinoCore\Debug\libArduinoCore.a(wiring_digital.o)
                              D:\WORK\Project\Github\etable\code\Arduino\AS7_test\AS7_test\ArduinoCore\Debug\libArduinoCore.a(twi.o) (digitalWrite)
d:/program files (x86)/atmel/studio/7.0/toolchain/avr8/avr8-gnu-toolchain/bin/../lib/gcc/avr/5.4.0/../../../../avr/lib/avr5\libm.a(addsf3.o)
                              D:\WORK\Project\Github\etable\code\Arduino\AS7_test\AS7_test\ArduinoCore\Debug\libArduinoCore.a(Print.o) (__subsf3)
d:/program files (x86)/atmel/studio/7.0/toolchain/avr8/avr8-gnu-toolchain/bin/../lib/gcc/avr/5.4.0/../../../../avr/lib/avr5\libm.a(addsf3x.o)
                              d:/program files (x86)/atmel/studio/7.0/toolchain/avr8/avr8-gnu-toolchain/bin/../lib/gcc/avr/5.4.0/../../../../avr/lib/avr5\libm.a(addsf3.o) (__addsf3x)
d:/program files (x86)/atmel/studio/7.0/toolchain/avr8/avr8-gnu-toolchain/bin/../lib/gcc/avr/5.4.0/../../../../avr/lib/avr5\libm.a(cmpsf2.o)
                              D:\WORK\Project\Github\etable\code\Arduino\AS7_test\AS7_test\ArduinoCore\Debug\libArduinoCore.a(Print.o) (__ltsf2)
d:/program files (x86)/atmel/studio/7.0/toolchain/avr8/avr8-gnu-toolchain/bin/../lib/gcc/avr/5.4.0/../../../../avr/lib/avr5\libm.a(divsf3.o)
                              D:\WORK\Project\Github\etable\code\Arduino\AS7_test\AS7_test\ArduinoCore\Debug\libArduinoCore.a(Print.o) (__divsf3)
d:/program files (x86)/atmel/studio/7.0/toolchain/avr8/avr8-gnu-toolchain/bin/../lib/gcc/avr/5.4.0/../../../../avr/lib/avr5\libm.a(divsf3x.o)
                              d:/program files (x86)/atmel/studio/7.0/toolchain/avr8/avr8-gnu-toolchain/bin/../lib/gcc/avr/5.4.0/../../../../avr/lib/avr5\libm.a(divsf3.o) (__divsf3x)
d:/program files (x86)/atmel/studio/7.0/toolchain/avr8/avr8-gnu-toolchain/bin/../lib/gcc/avr/5.4.0/../../../../avr/lib/avr5\libm.a(fixunssfsi.o)
                              D:\WORK\Project\Github\etable\code\Arduino\AS7_test\AS7_test\ArduinoCore\Debug\libArduinoCore.a(Print.o) (__fixunssfsi)
d:/program files (x86)/atmel/studio/7.0/toolchain/avr8/avr8-gnu-toolchain/bin/../lib/gcc/avr/5.4.0/../../../../avr/lib/avr5\libm.a(floatsisf.o)
                              D:\WORK\Project\Github\etable\code\Arduino\AS7_test\AS7_test\ArduinoCore\Debug\libArduinoCore.a(Print.o) (__floatunsisf)
d:/program files (x86)/atmel/studio/7.0/toolchain/avr8/avr8-gnu-toolchain/bin/../lib/gcc/avr/5.4.0/../../../../avr/lib/avr5\libm.a(fp_cmp.o)
                              d:/program files (x86)/atmel/studio/7.0/toolchain/avr8/avr8-gnu-toolchain/bin/../lib/gcc/avr/5.4.0/../../../../avr/lib/avr5\libm.a(cmpsf2.o) (__fp_cmp)
d:/program files (x86)/atmel/studio/7.0/toolchain/avr8/avr8-gnu-toolchain/bin/../lib/gcc/avr/5.4.0/../../../../avr/lib/avr5\libm.a(fp_inf.o)
                              d:/program files (x86)/atmel/studio/7.0/toolchain/avr8/avr8-gnu-toolchain/bin/../lib/gcc/avr/5.4.0/../../../../avr/lib/avr5\libm.a(addsf3x.o) (__fp_inf)
d:/program files (x86)/atmel/studio/7.0/toolchain/avr8/avr8-gnu-toolchain/bin/../lib/gcc/avr/5.4.0/../../../../avr/lib/avr5\libm.a(fp_nan.o)
                              d:/program files (x86)/atmel/studio/7.0/toolchain/avr8/avr8-gnu-toolchain/bin/../lib/gcc/avr/5.4.0/../../../../avr/lib/avr5\libm.a(addsf3x.o) (__fp_nan)
d:/program files (x86)/atmel/studio/7.0/toolchain/avr8/avr8-gnu-toolchain/bin/../lib/gcc/avr/5.4.0/../../../../avr/lib/avr5\libm.a(fp_pscA.o)
                              d:/program files (x86)/atmel/studio/7.0/toolchain/avr8/avr8-gnu-toolchain/bin/../lib/gcc/avr/5.4.0/../../../../avr/lib/avr5\libm.a(addsf3x.o) (__fp_pscA)
d:/program files (x86)/atmel/studio/7.0/toolchain/avr8/avr8-gnu-toolchain/bin/../lib/gcc/avr/5.4.0/../../../../avr/lib/avr5\libm.a(fp_pscB.o)
                              d:/program files (x86)/atmel/studio/7.0/toolchain/avr8/avr8-gnu-toolchain/bin/../lib/gcc/avr/5.4.0/../../../../avr/lib/avr5\libm.a(addsf3x.o) (__fp_pscB)
d:/program files (x86)/atmel/studio/7.0/toolchain/avr8/avr8-gnu-toolchain/bin/../lib/gcc/avr/5.4.0/../../../../avr/lib/avr5\libm.a(fp_round.o)
                              d:/program files (x86)/atmel/studio/7.0/toolchain/avr8/avr8-gnu-toolchain/bin/../lib/gcc/avr/5.4.0/../../../../avr/lib/avr5\libm.a(addsf3.o) (__fp_round)
d:/program files (x86)/atmel/studio/7.0/toolchain/avr8/avr8-gnu-toolchain/bin/../lib/gcc/avr/5.4.0/../../../../avr/lib/avr5\libm.a(fp_split3.o)
                              d:/program files (x86)/atmel/studio/7.0/toolchain/avr8/avr8-gnu-toolchain/bin/../lib/gcc/avr/5.4.0/../../../../avr/lib/avr5\libm.a(addsf3x.o) (__fp_split3)
d:/program files (x86)/atmel/studio/7.0/toolchain/avr8/avr8-gnu-toolchain/bin/../lib/gcc/avr/5.4.0/../../../../avr/lib/avr5\libm.a(fp_zero.o)
                              d:/program files (x86)/atmel/studio/7.0/toolchain/avr8/avr8-gnu-toolchain/bin/../lib/gcc/avr/5.4.0/../../../../avr/lib/avr5\libm.a(addsf3x.o) (__fp_zero)
d:/program files (x86)/atmel/studio/7.0/toolchain/avr8/avr8-gnu-toolchain/bin/../lib/gcc/avr/5.4.0/../../../../avr/lib/avr5\libm.a(gesf2.o)
                              D:\WORK\Project\Github\etable\code\Arduino\AS7_test\AS7_test\ArduinoCore\Debug\libArduinoCore.a(Print.o) (__gtsf2)
d:/program files (x86)/atmel/studio/7.0/toolchain/avr8/avr8-gnu-toolchain/bin/../lib/gcc/avr/5.4.0/../../../../avr/lib/avr5\libm.a(mulsf3.o)
                              D:\WORK\Project\Github\etable\code\Arduino\AS7_test\AS7_test\ArduinoCore\Debug\libArduinoCore.a(Print.o) (__mulsf3)
d:/program files (x86)/atmel/studio/7.0/toolchain/avr8/avr8-gnu-toolchain/bin/../lib/gcc/avr/5.4.0/../../../../avr/lib/avr5\libm.a(mulsf3x.o)
                              d:/program files (x86)/atmel/studio/7.0/toolchain/avr8/avr8-gnu-toolchain/bin/../lib/gcc/avr/5.4.0/../../../../avr/lib/avr5\libm.a(mulsf3.o) (__mulsf3x)
d:/program files (x86)/atmel/studio/7.0/toolchain/avr8/avr8-gnu-toolchain/bin/../lib/gcc/avr/5.4.0/../../../../avr/lib/avr5\libm.a(unordsf2.o)
                              D:\WORK\Project\Github\etable\code\Arduino\AS7_test\AS7_test\ArduinoCore\Debug\libArduinoCore.a(Print.o) (__unordsf2)
d:/program files (x86)/atmel/studio/7.0/toolchain/avr8/avr8-gnu-toolchain/bin/../lib/gcc/avr/5.4.0/avr5\libgcc.a(_udivmodsi4.o)
                              D:\WORK\Project\Github\etable\code\Arduino\AS7_test\AS7_test\ArduinoCore\Debug\libArduinoCore.a(HardwareSerial.o) (__udivmodsi4)
d:/program files (x86)/atmel/studio/7.0/toolchain/avr8/avr8-gnu-toolchain/bin/../lib/gcc/avr/5.4.0/avr5\libgcc.a(_exit.o)
                              D:/Program Files (x86)/Atmel/Studio/7.0/Packs/atmel/ATmega_DFP/1.2.209/gcc/dev/atmega328p/avr5/crtatmega328p.o (exit)
d:/program files (x86)/atmel/studio/7.0/toolchain/avr8/avr8-gnu-toolchain/bin/../lib/gcc/avr/5.4.0/avr5\libgcc.a(_copy_data.o)
                              Sketch.o (__do_copy_data)
d:/program files (x86)/atmel/studio/7.0/toolchain/avr8/avr8-gnu-toolchain/bin/../lib/gcc/avr/5.4.0/avr5\libgcc.a(_clear_bss.o)
                              Sketch.o (__do_clear_bss)
d:/program files (x86)/atmel/studio/7.0/toolchain/avr8/avr8-gnu-toolchain/bin/../lib/gcc/avr/5.4.0/avr5\libgcc.a(_ctors.o)
                              D:\WORK\Project\Github\etable\code\Arduino\AS7_test\AS7_test\ArduinoCore\Debug\libArduinoCore.a(HardwareSerial0.o) (__do_global_ctors)
d:/program files (x86)/atmel/studio/7.0/toolchain/avr8/avr8-gnu-toolchain/bin/../lib/gcc/avr/5.4.0/avr5\libgcc.a(_tablejump2.o)
                              d:/program files (x86)/atmel/studio/7.0/toolchain/avr8/avr8-gnu-toolchain/bin/../lib/gcc/avr/5.4.0/avr5\libgcc.a(_ctors.o) (__tablejump2__)
d:/program files (x86)/atmel/studio/7.0/toolchain/avr8/avr8-gnu-toolchain/bin/../lib/gcc/avr/5.4.0/../../../../avr/lib/avr5\libc.a(abort.o)
                              D:\WORK\Project\Github\etable\code\Arduino\AS7_test\AS7_test\ArduinoCore\Debug\libArduinoCore.a(abi.o) (abort)

Discarded input sections

 .data          0x00000000        0x0 D:/Program Files (x86)/Atmel/Studio/7.0/Packs/atmel/ATmega_DFP/1.2.209/gcc/dev/atmega328p/avr5/crtatmega328p.o
 .bss           0x00000000        0x0 D:/Program Files (x86)/Atmel/Studio/7.0/Packs/atmel/ATmega_DFP/1.2.209/gcc/dev/atmega328p/avr5/crtatmega328p.o
 .text          0x00000000        0x0 Sketch.o
 .data          0x00000000        0x0 Sketch.o
 .bss           0x00000000        0x0 Sketch.o
 .bss.c         0x00000000        0x1 Sketch.o
 .group         0x00000000        0x8 D:\WORK\Project\Github\etable\code\Arduino\AS7_test\AS7_test\ArduinoCore\Debug\libArduinoCore.a(HardwareSerial.o)
 .text          0x00000000        0x0 D:\WORK\Project\Github\etable\code\Arduino\AS7_test\AS7_test\ArduinoCore\Debug\libArduinoCore.a(HardwareSerial.o)
 .data          0x00000000        0x0 D:\WORK\Project\Github\etable\code\Arduino\AS7_test\AS7_test\ArduinoCore\Debug\libArduinoCore.a(HardwareSerial.o)
 .bss           0x00000000        0x0 D:\WORK\Project\Github\etable\code\Arduino\AS7_test\AS7_test\ArduinoCore\Debug\libArduinoCore.a(HardwareSerial.o)
 .text._ZN14HardwareSerial3endEv
                0x00000000       0x44 D:\WORK\Project\Github\etable\code\Arduino\AS7_test\AS7_test\ArduinoCore\Debug\libArduinoCore.a(HardwareSerial.o)
 .group         0x00000000        0x8 D:\WORK\Project\Github\etable\code\Arduino\AS7_test\AS7_test\ArduinoCore\Debug\libArduinoCore.a(HardwareSerial0.o)
 .group         0x00000000        0x8 D:\WORK\Project\Github\etable\code\Arduino\AS7_test\AS7_test\ArduinoCore\Debug\libArduinoCore.a(HardwareSerial0.o)
 .text          0x00000000        0x0 D:\WORK\Project\Github\etable\code\Arduino\AS7_test\AS7_test\ArduinoCore\Debug\libArduinoCore.a(HardwareSerial0.o)
 .data          0x00000000        0x0 D:\WORK\Project\Github\etable\code\Arduino\AS7_test\AS7_test\ArduinoCore\Debug\libArduinoCore.a(HardwareSerial0.o)
 .bss           0x00000000        0x0 D:\WORK\Project\Github\etable\code\Arduino\AS7_test\AS7_test\ArduinoCore\Debug\libArduinoCore.a(HardwareSerial0.o)
 .text._ZN5Print5flushEv
                0x00000000        0x2 D:\WORK\Project\Github\etable\code\Arduino\AS7_test\AS7_test\ArduinoCore\Debug\libArduinoCore.a(HardwareSerial0.o)
 .text          0x00000000        0x0 D:\WORK\Project\Github\etable\code\Arduino\AS7_test\AS7_test\ArduinoCore\Debug\libArduinoCore.a(main.o)
 .data          0x00000000        0x0 D:\WORK\Project\Github\etable\code\Arduino\AS7_test\AS7_test\ArduinoCore\Debug\libArduinoCore.a(main.o)
 .bss           0x00000000        0x0 D:\WORK\Project\Github\etable\code\Arduino\AS7_test\AS7_test\ArduinoCore\Debug\libArduinoCore.a(main.o)
 .text.atexit   0x00000000        0x6 D:\WORK\Project\Github\etable\code\Arduino\AS7_test\AS7_test\ArduinoCore\Debug\libArduinoCore.a(main.o)
 .text._Z8setupUSBv
                0x00000000        0x2 D:\WORK\Project\Github\etable\code\Arduino\AS7_test\AS7_test\ArduinoCore\Debug\libArduinoCore.a(main.o)
 .group         0x00000000        0x8 D:\WORK\Project\Github\etable\code\Arduino\AS7_test\AS7_test\ArduinoCore\Debug\libArduinoCore.a(Print.o)
 .group         0x00000000        0x8 D:\WORK\Project\Github\etable\code\Arduino\AS7_test\AS7_test\ArduinoCore\Debug\libArduinoCore.a(Print.o)
 .group         0x00000000        0x8 D:\WORK\Project\Github\etable\code\Arduino\AS7_test\AS7_test\ArduinoCore\Debug\libArduinoCore.a(Print.o)
 .group         0x00000000        0x8 D:\WORK\Project\Github\etable\code\Arduino\AS7_test\AS7_test\ArduinoCore\Debug\libArduinoCore.a(Print.o)
 .text          0x00000000        0x0 D:\WORK\Project\Github\etable\code\Arduino\AS7_test\AS7_test\ArduinoCore\Debug\libArduinoCore.a(Print.o)
 .data          0x00000000        0x0 D:\WORK\Project\Github\etable\code\Arduino\AS7_test\AS7_test\ArduinoCore\Debug\libArduinoCore.a(Print.o)
 .bss           0x00000000        0x0 D:\WORK\Project\Github\etable\code\Arduino\AS7_test\AS7_test\ArduinoCore\Debug\libArduinoCore.a(Print.o)
 .text._ZN5Print17availableForWriteEv
                0x00000000        0x6 D:\WORK\Project\Github\etable\code\Arduino\AS7_test\AS7_test\ArduinoCore\Debug\libArduinoCore.a(Print.o)
 .text._ZN5Print5flushEv
                0x00000000        0x2 D:\WORK\Project\Github\etable\code\Arduino\AS7_test\AS7_test\ArduinoCore\Debug\libArduinoCore.a(Print.o)
 .text._ZN5Print5printEPK19__FlashStringHelper
                0x00000000       0x48 D:\WORK\Project\Github\etable\code\Arduino\AS7_test\AS7_test\ArduinoCore\Debug\libArduinoCore.a(Print.o)
 .text._ZN5Print5printERK6String
                0x00000000       0x1c D:\WORK\Project\Github\etable\code\Arduino\AS7_test\AS7_test\ArduinoCore\Debug\libArduinoCore.a(Print.o)
 .text._ZN5Print5printEc
                0x00000000        0xe D:\WORK\Project\Github\etable\code\Arduino\AS7_test\AS7_test\ArduinoCore\Debug\libArduinoCore.a(Print.o)
 .text._ZN5Print5printERK9Printable
                0x00000000       0x14 D:\WORK\Project\Github\etable\code\Arduino\AS7_test\AS7_test\ArduinoCore\Debug\libArduinoCore.a(Print.o)
 .text._ZN5Print7printlnEPK19__FlashStringHelper
                0x00000000       0x24 D:\WORK\Project\Github\etable\code\Arduino\AS7_test\AS7_test\ArduinoCore\Debug\libArduinoCore.a(Print.o)
 .text._ZN5Print7printlnERK6String
                0x00000000       0x24 D:\WORK\Project\Github\etable\code\Arduino\AS7_test\AS7_test\ArduinoCore\Debug\libArduinoCore.a(Print.o)
 .text._ZN5Print7printlnEc
                0x00000000       0x24 D:\WORK\Project\Github\etable\code\Arduino\AS7_test\AS7_test\ArduinoCore\Debug\libArduinoCore.a(Print.o)
 .text._ZN5Print7printlnERK9Printable
                0x00000000       0x24 D:\WORK\Project\Github\etable\code\Arduino\AS7_test\AS7_test\ArduinoCore\Debug\libArduinoCore.a(Print.o)
 .text._ZN5Print5printEji
                0x00000000        0xc D:\WORK\Project\Github\etable\code\Arduino\AS7_test\AS7_test\ArduinoCore\Debug\libArduinoCore.a(Print.o)
 .text._ZN5Print7printlnEji
                0x00000000       0x24 D:\WORK\Project\Github\etable\code\Arduino\AS7_test\AS7_test\ArduinoCore\Debug\libArduinoCore.a(Print.o)
 .text._ZN5Print7printlnEmi
                0x00000000       0x24 D:\WORK\Project\Github\etable\code\Arduino\AS7_test\AS7_test\ArduinoCore\Debug\libArduinoCore.a(Print.o)
 .text._ZN5Print5printEli
                0x00000000       0x90 D:\WORK\Project\Github\etable\code\Arduino\AS7_test\AS7_test\ArduinoCore\Debug\libArduinoCore.a(Print.o)
 .text._ZN5Print5printEii
                0x00000000        0xe D:\WORK\Project\Github\etable\code\Arduino\AS7_test\AS7_test\ArduinoCore\Debug\libArduinoCore.a(Print.o)
 .text._ZN5Print7printlnEii
                0x00000000       0x24 D:\WORK\Project\Github\etable\code\Arduino\AS7_test\AS7_test\ArduinoCore\Debug\libArduinoCore.a(Print.o)
 .text._ZN5Print7printlnEli
                0x00000000       0x24 D:\WORK\Project\Github\etable\code\Arduino\AS7_test\AS7_test\ArduinoCore\Debug\libArduinoCore.a(Print.o)
 .text._ZN5Print10printFloatEdh
                0x00000000      0x1b6 D:\WORK\Project\Github\etable\code\Arduino\AS7_test\AS7_test\ArduinoCore\Debug\libArduinoCore.a(Print.o)
 .text._ZN5Print5printEdi
                0x00000000        0x4 D:\WORK\Project\Github\etable\code\Arduino\AS7_test\AS7_test\ArduinoCore\Debug\libArduinoCore.a(Print.o)
 .text._ZN5Print7printlnEdi
                0x00000000       0x24 D:\WORK\Project\Github\etable\code\Arduino\AS7_test\AS7_test\ArduinoCore\Debug\libArduinoCore.a(Print.o)
 .rodata._ZTV5Print
                0x00000000        0xc D:\WORK\Project\Github\etable\code\Arduino\AS7_test\AS7_test\ArduinoCore\Debug\libArduinoCore.a(Print.o)
 .text          0x00000000        0x0 D:\WORK\Project\Github\etable\code\Arduino\AS7_test\AS7_test\ArduinoCore\Debug\libArduinoCore.a(wiring.o)
 .data          0x00000000        0x0 D:\WORK\Project\Github\etable\code\Arduino\AS7_test\AS7_test\ArduinoCore\Debug\libArduinoCore.a(wiring.o)
 .bss           0x00000000        0x0 D:\WORK\Project\Github\etable\code\Arduino\AS7_test\AS7_test\ArduinoCore\Debug\libArduinoCore.a(wiring.o)
 .text.millis   0x00000000       0x18 D:\WORK\Project\Github\etable\code\Arduino\AS7_test\AS7_test\ArduinoCore\Debug\libArduinoCore.a(wiring.o)
 .text.delayMicroseconds
                0x00000000       0x16 D:\WORK\Project\Github\etable\code\Arduino\AS7_test\AS7_test\ArduinoCore\Debug\libArduinoCore.a(wiring.o)
 .group         0x00000000        0x8 D:\WORK\Project\Github\etable\code\Arduino\AS7_test\AS7_test\ArduinoCore\Debug\libArduinoCore.a(Wire.o)
 .group         0x00000000        0x8 D:\WORK\Project\Github\etable\code\Arduino\AS7_test\AS7_test\ArduinoCore\Debug\libArduinoCore.a(Wire.o)
 .group         0x00000000        0x8 D:\WORK\Project\Github\etable\code\Arduino\AS7_test\AS7_test\ArduinoCore\Debug\libArduinoCore.a(Wire.o)
 .text          0x00000000        0x0 D:\WORK\Project\Github\etable\code\Arduino\AS7_test\AS7_test\ArduinoCore\Debug\libArduinoCore.a(Wire.o)
 .data          0x00000000        0x0 D:\WORK\Project\Github\etable\code\Arduino\AS7_test\AS7_test\ArduinoCore\Debug\libArduinoCore.a(Wire.o)
 .bss           0x00000000        0x0 D:\WORK\Project\Github\etable\code\Arduino\AS7_test\AS7_test\ArduinoCore\Debug\libArduinoCore.a(Wire.o)
 .text._ZN5Print17availableForWriteEv
                0x00000000        0x6 D:\WORK\Project\Github\etable\code\Arduino\AS7_test\AS7_test\ArduinoCore\Debug\libArduinoCore.a(Wire.o)
 .text._ZN5Print5flushEv
                0x00000000        0x2 D:\WORK\Project\Github\etable\code\Arduino\AS7_test\AS7_test\ArduinoCore\Debug\libArduinoCore.a(Wire.o)
 .text._ZN7TwoWire5beginEh
                0x00000000       0x10 D:\WORK\Project\Github\etable\code\Arduino\AS7_test\AS7_test\ArduinoCore\Debug\libArduinoCore.a(Wire.o)
 .text._ZN7TwoWire5beginEi
                0x00000000        0x4 D:\WORK\Project\Github\etable\code\Arduino\AS7_test\AS7_test\ArduinoCore\Debug\libArduinoCore.a(Wire.o)
 .text._ZN7TwoWire3endEv
                0x00000000        0x4 D:\WORK\Project\Github\etable\code\Arduino\AS7_test\AS7_test\ArduinoCore\Debug\libArduinoCore.a(Wire.o)
 .text._ZN7TwoWire8setClockEm
                0x00000000        0x8 D:\WORK\Project\Github\etable\code\Arduino\AS7_test\AS7_test\ArduinoCore\Debug\libArduinoCore.a(Wire.o)
 .text._ZN7TwoWire11requestFromEhh
                0x00000000        0x6 D:\WORK\Project\Github\etable\code\Arduino\AS7_test\AS7_test\ArduinoCore\Debug\libArduinoCore.a(Wire.o)
 .text._ZN7TwoWire11requestFromEiii
                0x00000000        0x4 D:\WORK\Project\Github\etable\code\Arduino\AS7_test\AS7_test\ArduinoCore\Debug\libArduinoCore.a(Wire.o)
 .text._ZN7TwoWire9onReceiveEPFviE
                0x00000000        0xa D:\WORK\Project\Github\etable\code\Arduino\AS7_test\AS7_test\ArduinoCore\Debug\libArduinoCore.a(Wire.o)
 .text._ZN7TwoWire9onRequestEPFvvE
                0x00000000        0xa D:\WORK\Project\Github\etable\code\Arduino\AS7_test\AS7_test\ArduinoCore\Debug\libArduinoCore.a(Wire.o)
 .text          0x00000000        0x0 D:\WORK\Project\Github\etable\code\Arduino\AS7_test\AS7_test\ArduinoCore\Debug\libArduinoCore.a(abi.o)
 .data          0x00000000        0x0 D:\WORK\Project\Github\etable\code\Arduino\AS7_test\AS7_test\ArduinoCore\Debug\libArduinoCore.a(abi.o)
 .bss           0x00000000        0x0 D:\WORK\Project\Github\etable\code\Arduino\AS7_test\AS7_test\ArduinoCore\Debug\libArduinoCore.a(abi.o)
 .text.__cxa_pure_virtual
                0x00000000        0x4 D:\WORK\Project\Github\etable\code\Arduino\AS7_test\AS7_test\ArduinoCore\Debug\libArduinoCore.a(abi.o)
 .text.__cxa_deleted_virtual
                0x00000000        0x4 D:\WORK\Project\Github\etable\code\Arduino\AS7_test\AS7_test\ArduinoCore\Debug\libArduinoCore.a(abi.o)
 .debug_info    0x00000000       0x76 D:\WORK\Project\Github\etable\code\Arduino\AS7_test\AS7_test\ArduinoCore\Debug\libArduinoCore.a(abi.o)
 .debug_abbrev  0x00000000       0x6d D:\WORK\Project\Github\etable\code\Arduino\AS7_test\AS7_test\ArduinoCore\Debug\libArduinoCore.a(abi.o)
 .debug_aranges
                0x00000000       0x20 D:\WORK\Project\Github\etable\code\Arduino\AS7_test\AS7_test\ArduinoCore\Debug\libArduinoCore.a(abi.o)
 .debug_ranges  0x00000000       0x10 D:\WORK\Project\Github\etable\code\Arduino\AS7_test\AS7_test\ArduinoCore\Debug\libArduinoCore.a(abi.o)
 .debug_line    0x00000000       0xa9 D:\WORK\Project\Github\etable\code\Arduino\AS7_test\AS7_test\ArduinoCore\Debug\libArduinoCore.a(abi.o)
 .debug_str     0x00000000      0x198 D:\WORK\Project\Github\etable\code\Arduino\AS7_test\AS7_test\ArduinoCore\Debug\libArduinoCore.a(abi.o)
 .comment       0x00000000       0x31 D:\WORK\Project\Github\etable\code\Arduino\AS7_test\AS7_test\ArduinoCore\Debug\libArduinoCore.a(abi.o)
 .debug_frame   0x00000000       0x34 D:\WORK\Project\Github\etable\code\Arduino\AS7_test\AS7_test\ArduinoCore\Debug\libArduinoCore.a(abi.o)
 .text          0x00000000        0x0 D:\WORK\Project\Github\etable\code\Arduino\AS7_test\AS7_test\ArduinoCore\Debug\libArduinoCore.a(hooks.o)
 .data          0x00000000        0x0 D:\WORK\Project\Github\etable\code\Arduino\AS7_test\AS7_test\ArduinoCore\Debug\libArduinoCore.a(hooks.o)
 .bss           0x00000000        0x0 D:\WORK\Project\Github\etable\code\Arduino\AS7_test\AS7_test\ArduinoCore\Debug\libArduinoCore.a(hooks.o)
 .text          0x00000000        0x0 D:\WORK\Project\Github\etable\code\Arduino\AS7_test\AS7_test\ArduinoCore\Debug\libArduinoCore.a(twi.o)
 .data          0x00000000        0x0 D:\WORK\Project\Github\etable\code\Arduino\AS7_test\AS7_test\ArduinoCore\Debug\libArduinoCore.a(twi.o)
 .bss           0x00000000        0x0 D:\WORK\Project\Github\etable\code\Arduino\AS7_test\AS7_test\ArduinoCore\Debug\libArduinoCore.a(twi.o)
 .text.twi_disable
                0x00000000       0x1a D:\WORK\Project\Github\etable\code\Arduino\AS7_test\AS7_test\ArduinoCore\Debug\libArduinoCore.a(twi.o)
 .text.twi_setAddress
                0x00000000        0x8 D:\WORK\Project\Github\etable\code\Arduino\AS7_test\AS7_test\ArduinoCore\Debug\libArduinoCore.a(twi.o)
 .text.twi_setFrequency
                0x00000000       0x28 D:\WORK\Project\Github\etable\code\Arduino\AS7_test\AS7_test\ArduinoCore\Debug\libArduinoCore.a(twi.o)
 .text.twi_reply
                0x00000000       0x10 D:\WORK\Project\Github\etable\code\Arduino\AS7_test\AS7_test\ArduinoCore\Debug\libArduinoCore.a(twi.o)
 .text          0x00000000        0x0 D:\WORK\Project\Github\etable\code\Arduino\AS7_test\AS7_test\ArduinoCore\Debug\libArduinoCore.a(wiring_digital.o)
 .data          0x00000000        0x0 D:\WORK\Project\Github\etable\code\Arduino\AS7_test\AS7_test\ArduinoCore\Debug\libArduinoCore.a(wiring_digital.o)
 .bss           0x00000000        0x0 D:\WORK\Project\Github\etable\code\Arduino\AS7_test\AS7_test\ArduinoCore\Debug\libArduinoCore.a(wiring_digital.o)
 .text.pinMode  0x00000000       0x78 D:\WORK\Project\Github\etable\code\Arduino\AS7_test\AS7_test\ArduinoCore\Debug\libArduinoCore.a(wiring_digital.o)
 .text.digitalRead
                0x00000000       0x52 D:\WORK\Project\Github\etable\code\Arduino\AS7_test\AS7_test\ArduinoCore\Debug\libArduinoCore.a(wiring_digital.o)
 .progmem.data.port_to_input_PGM
                0x00000000        0xa D:\WORK\Project\Github\etable\code\Arduino\AS7_test\AS7_test\ArduinoCore\Debug\libArduinoCore.a(wiring_digital.o)
 .progmem.data.port_to_mode_PGM
                0x00000000        0xa D:\WORK\Project\Github\etable\code\Arduino\AS7_test\AS7_test\ArduinoCore\Debug\libArduinoCore.a(wiring_digital.o)
 .text          0x00000000        0x0 d:/program files (x86)/atmel/studio/7.0/toolchain/avr8/avr8-gnu-toolchain/bin/../lib/gcc/avr/5.4.0/../../../../avr/lib/avr5\libm.a(addsf3.o)
 .data          0x00000000        0x0 d:/program files (x86)/atmel/studio/7.0/toolchain/avr8/avr8-gnu-toolchain/bin/../lib/gcc/avr/5.4.0/../../../../avr/lib/avr5\libm.a(addsf3.o)
 .bss           0x00000000        0x0 d:/program files (x86)/atmel/studio/7.0/toolchain/avr8/avr8-gnu-toolchain/bin/../lib/gcc/avr/5.4.0/../../../../avr/lib/avr5\libm.a(addsf3.o)
 .text.avr-libc.fplib
                0x00000000        0xe d:/program files (x86)/atmel/studio/7.0/toolchain/avr8/avr8-gnu-toolchain/bin/../lib/gcc/avr/5.4.0/../../../../avr/lib/avr5\libm.a(addsf3.o)
 .text          0x00000000        0x0 d:/program files (x86)/atmel/studio/7.0/toolchain/avr8/avr8-gnu-toolchain/bin/../lib/gcc/avr/5.4.0/../../../../avr/lib/avr5\libm.a(addsf3x.o)
 .data          0x00000000        0x0 d:/program files (x86)/atmel/studio/7.0/toolchain/avr8/avr8-gnu-toolchain/bin/../lib/gcc/avr/5.4.0/../../../../avr/lib/avr5\libm.a(addsf3x.o)
 .bss           0x00000000        0x0 d:/program files (x86)/atmel/studio/7.0/toolchain/avr8/avr8-gnu-toolchain/bin/../lib/gcc/avr/5.4.0/../../../../avr/lib/avr5\libm.a(addsf3x.o)
 .text.avr-libc.fplib
                0x00000000       0xcc d:/program files (x86)/atmel/studio/7.0/toolchain/avr8/avr8-gnu-toolchain/bin/../lib/gcc/avr/5.4.0/../../../../avr/lib/avr5\libm.a(addsf3x.o)
 .text          0x00000000        0x0 d:/program files (x86)/atmel/studio/7.0/toolchain/avr8/avr8-gnu-toolchain/bin/../lib/gcc/avr/5.4.0/../../../../avr/lib/avr5\libm.a(cmpsf2.o)
 .data          0x00000000        0x0 d:/program files (x86)/atmel/studio/7.0/toolchain/avr8/avr8-gnu-toolchain/bin/../lib/gcc/avr/5.4.0/../../../../avr/lib/avr5\libm.a(cmpsf2.o)
 .bss           0x00000000        0x0 d:/program files (x86)/atmel/studio/7.0/toolchain/avr8/avr8-gnu-toolchain/bin/../lib/gcc/avr/5.4.0/../../../../avr/lib/avr5\libm.a(cmpsf2.o)
 .text.avr-libc.fplib
                0x00000000        0xa d:/program files (x86)/atmel/studio/7.0/toolchain/avr8/avr8-gnu-toolchain/bin/../lib/gcc/avr/5.4.0/../../../../avr/lib/avr5\libm.a(cmpsf2.o)
 .text          0x00000000        0x0 d:/program files (x86)/atmel/studio/7.0/toolchain/avr8/avr8-gnu-toolchain/bin/../lib/gcc/avr/5.4.0/../../../../avr/lib/avr5\libm.a(divsf3.o)
 .data          0x00000000        0x0 d:/program files (x86)/atmel/studio/7.0/toolchain/avr8/avr8-gnu-toolchain/bin/../lib/gcc/avr/5.4.0/../../../../avr/lib/avr5\libm.a(divsf3.o)
 .bss           0x00000000        0x0 d:/program files (x86)/atmel/studio/7.0/toolchain/avr8/avr8-gnu-toolchain/bin/../lib/gcc/avr/5.4.0/../../../../avr/lib/avr5\libm.a(divsf3.o)
 .text.avr-libc.fplib
                0x00000000        0x8 d:/program files (x86)/atmel/studio/7.0/toolchain/avr8/avr8-gnu-toolchain/bin/../lib/gcc/avr/5.4.0/../../../../avr/lib/avr5\libm.a(divsf3.o)
 .text          0x00000000        0x0 d:/program files (x86)/atmel/studio/7.0/toolchain/avr8/avr8-gnu-toolchain/bin/../lib/gcc/avr/5.4.0/../../../../avr/lib/avr5\libm.a(divsf3x.o)
 .data          0x00000000        0x0 d:/program files (x86)/atmel/studio/7.0/toolchain/avr8/avr8-gnu-toolchain/bin/../lib/gcc/avr/5.4.0/../../../../avr/lib/avr5\libm.a(divsf3x.o)
 .bss           0x00000000        0x0 d:/program files (x86)/atmel/studio/7.0/toolchain/avr8/avr8-gnu-toolchain/bin/../lib/gcc/avr/5.4.0/../../../../avr/lib/avr5\libm.a(divsf3x.o)
 .text.avr-libc.fplib
                0x00000000       0xdc d:/program files (x86)/atmel/studio/7.0/toolchain/avr8/avr8-gnu-toolchain/bin/../lib/gcc/avr/5.4.0/../../../../avr/lib/avr5\libm.a(divsf3x.o)
 .text          0x00000000        0x0 d:/program files (x86)/atmel/studio/7.0/toolchain/avr8/avr8-gnu-toolchain/bin/../lib/gcc/avr/5.4.0/../../../../avr/lib/avr5\libm.a(fixunssfsi.o)
 .data          0x00000000        0x0 d:/program files (x86)/atmel/studio/7.0/toolchain/avr8/avr8-gnu-toolchain/bin/../lib/gcc/avr/5.4.0/../../../../avr/lib/avr5\libm.a(fixunssfsi.o)
 .bss           0x00000000        0x0 d:/program files (x86)/atmel/studio/7.0/toolchain/avr8/avr8-gnu-toolchain/bin/../lib/gcc/avr/5.4.0/../../../../avr/lib/avr5\libm.a(fixunssfsi.o)
 .text.avr-libc.fplib
                0x00000000       0x5e d:/program files (x86)/atmel/studio/7.0/toolchain/avr8/avr8-gnu-toolchain/bin/../lib/gcc/avr/5.4.0/../../../../avr/lib/avr5\libm.a(fixunssfsi.o)
 .text          0x00000000        0x0 d:/program files (x86)/atmel/studio/7.0/toolchain/avr8/avr8-gnu-toolchain/bin/../lib/gcc/avr/5.4.0/../../../../avr/lib/avr5\libm.a(floatsisf.o)
 .data          0x00000000        0x0 d:/program files (x86)/atmel/studio/7.0/toolchain/avr8/avr8-gnu-toolchain/bin/../lib/gcc/avr/5.4.0/../../../../avr/lib/avr5\libm.a(floatsisf.o)
 .bss           0x00000000        0x0 d:/program files (x86)/atmel/studio/7.0/toolchain/avr8/avr8-gnu-toolchain/bin/../lib/gcc/avr/5.4.0/../../../../avr/lib/avr5\libm.a(floatsisf.o)
 .text.avr-libc.fplib
                0x00000000       0x7a d:/program files (x86)/atmel/studio/7.0/toolchain/avr8/avr8-gnu-toolchain/bin/../lib/gcc/avr/5.4.0/../../../../avr/lib/avr5\libm.a(floatsisf.o)
 .text          0x00000000        0x0 d:/program files (x86)/atmel/studio/7.0/toolchain/avr8/avr8-gnu-toolchain/bin/../lib/gcc/avr/5.4.0/../../../../avr/lib/avr5\libm.a(fp_cmp.o)
 .data          0x00000000        0x0 d:/program files (x86)/atmel/studio/7.0/toolchain/avr8/avr8-gnu-toolchain/bin/../lib/gcc/avr/5.4.0/../../../../avr/lib/avr5\libm.a(fp_cmp.o)
 .bss           0x00000000        0x0 d:/program files (x86)/atmel/studio/7.0/toolchain/avr8/avr8-gnu-toolchain/bin/../lib/gcc/avr/5.4.0/../../../../avr/lib/avr5\libm.a(fp_cmp.o)
 .text.avr-libc.fplib
                0x00000000       0x48 d:/program files (x86)/atmel/studio/7.0/toolchain/avr8/avr8-gnu-toolchain/bin/../lib/gcc/avr/5.4.0/../../../../avr/lib/avr5\libm.a(fp_cmp.o)
 .text          0x00000000        0x0 d:/program files (x86)/atmel/studio/7.0/toolchain/avr8/avr8-gnu-toolchain/bin/../lib/gcc/avr/5.4.0/../../../../avr/lib/avr5\libm.a(fp_inf.o)
 .data          0x00000000        0x0 d:/program files (x86)/atmel/studio/7.0/toolchain/avr8/avr8-gnu-toolchain/bin/../lib/gcc/avr/5.4.0/../../../../avr/lib/avr5\libm.a(fp_inf.o)
 .bss           0x00000000        0x0 d:/program files (x86)/atmel/studio/7.0/toolchain/avr8/avr8-gnu-toolchain/bin/../lib/gcc/avr/5.4.0/../../../../avr/lib/avr5\libm.a(fp_inf.o)
 .text.avr-libc.fplib
                0x00000000        0xc d:/program files (x86)/atmel/studio/7.0/toolchain/avr8/avr8-gnu-toolchain/bin/../lib/gcc/avr/5.4.0/../../../../avr/lib/avr5\libm.a(fp_inf.o)
 .text          0x00000000        0x0 d:/program files (x86)/atmel/studio/7.0/toolchain/avr8/avr8-gnu-toolchain/bin/../lib/gcc/avr/5.4.0/../../../../avr/lib/avr5\libm.a(fp_nan.o)
 .data          0x00000000        0x0 d:/program files (x86)/atmel/studio/7.0/toolchain/avr8/avr8-gnu-toolchain/bin/../lib/gcc/avr/5.4.0/../../../../avr/lib/avr5\libm.a(fp_nan.o)
 .bss           0x00000000        0x0 d:/program files (x86)/atmel/studio/7.0/toolchain/avr8/avr8-gnu-toolchain/bin/../lib/gcc/avr/5.4.0/../../../../avr/lib/avr5\libm.a(fp_nan.o)
 .text.avr-libc.fplib
                0x00000000        0x6 d:/program files (x86)/atmel/studio/7.0/toolchain/avr8/avr8-gnu-toolchain/bin/../lib/gcc/avr/5.4.0/../../../../avr/lib/avr5\libm.a(fp_nan.o)
 .text          0x00000000        0x0 d:/program files (x86)/atmel/studio/7.0/toolchain/avr8/avr8-gnu-toolchain/bin/../lib/gcc/avr/5.4.0/../../../../avr/lib/avr5\libm.a(fp_pscA.o)
 .data          0x00000000        0x0 d:/program files (x86)/atmel/studio/7.0/toolchain/avr8/avr8-gnu-toolchain/bin/../lib/gcc/avr/5.4.0/../../../../avr/lib/avr5\libm.a(fp_pscA.o)
 .bss           0x00000000        0x0 d:/program files (x86)/atmel/studio/7.0/toolchain/avr8/avr8-gnu-toolchain/bin/../lib/gcc/avr/5.4.0/../../../../avr/lib/avr5\libm.a(fp_pscA.o)
 .text.avr-libc.fplib
                0x00000000        0xe d:/program files (x86)/atmel/studio/7.0/toolchain/avr8/avr8-gnu-toolchain/bin/../lib/gcc/avr/5.4.0/../../../../avr/lib/avr5\libm.a(fp_pscA.o)
 .text          0x00000000        0x0 d:/program files (x86)/atmel/studio/7.0/toolchain/avr8/avr8-gnu-toolchain/bin/../lib/gcc/avr/5.4.0/../../../../avr/lib/avr5\libm.a(fp_pscB.o)
 .data          0x00000000        0x0 d:/program files (x86)/atmel/studio/7.0/toolchain/avr8/avr8-gnu-toolchain/bin/../lib/gcc/avr/5.4.0/../../../../avr/lib/avr5\libm.a(fp_pscB.o)
 .bss           0x00000000        0x0 d:/program files (x86)/atmel/studio/7.0/toolchain/avr8/avr8-gnu-toolchain/bin/../lib/gcc/avr/5.4.0/../../../../avr/lib/avr5\libm.a(fp_pscB.o)
 .text.avr-libc.fplib
                0x00000000        0xe d:/program files (x86)/atmel/studio/7.0/toolchain/avr8/avr8-gnu-toolchain/bin/../lib/gcc/avr/5.4.0/../../../../avr/lib/avr5\libm.a(fp_pscB.o)
 .text          0x00000000        0x0 d:/program files (x86)/atmel/studio/7.0/toolchain/avr8/avr8-gnu-toolchain/bin/../lib/gcc/avr/5.4.0/../../../../avr/lib/avr5\libm.a(fp_round.o)
 .data          0x00000000        0x0 d:/program files (x86)/atmel/studio/7.0/toolchain/avr8/avr8-gnu-toolchain/bin/../lib/gcc/avr/5.4.0/../../../../avr/lib/avr5\libm.a(fp_round.o)
 .bss           0x00000000        0x0 d:/program files (x86)/atmel/studio/7.0/toolchain/avr8/avr8-gnu-toolchain/bin/../lib/gcc/avr/5.4.0/../../../../avr/lib/avr5\libm.a(fp_round.o)
 .text.avr-libc.fplib
                0x00000000       0x22 d:/program files (x86)/atmel/studio/7.0/toolchain/avr8/avr8-gnu-toolchain/bin/../lib/gcc/avr/5.4.0/../../../../avr/lib/avr5\libm.a(fp_round.o)
 .text          0x00000000        0x0 d:/program files (x86)/atmel/studio/7.0/toolchain/avr8/avr8-gnu-toolchain/bin/../lib/gcc/avr/5.4.0/../../../../avr/lib/avr5\libm.a(fp_split3.o)
 .data          0x00000000        0x0 d:/program files (x86)/atmel/studio/7.0/toolchain/avr8/avr8-gnu-toolchain/bin/../lib/gcc/avr/5.4.0/../../../../avr/lib/avr5\libm.a(fp_split3.o)
 .bss           0x00000000        0x0 d:/program files (x86)/atmel/studio/7.0/toolchain/avr8/avr8-gnu-toolchain/bin/../lib/gcc/avr/5.4.0/../../../../avr/lib/avr5\libm.a(fp_split3.o)
 .text.avr-libc.fplib
                0x00000000       0x44 d:/program files (x86)/atmel/studio/7.0/toolchain/avr8/avr8-gnu-toolchain/bin/../lib/gcc/avr/5.4.0/../../../../avr/lib/avr5\libm.a(fp_split3.o)
 .text          0x00000000        0x0 d:/program files (x86)/atmel/studio/7.0/toolchain/avr8/avr8-gnu-toolchain/bin/../lib/gcc/avr/5.4.0/../../../../avr/lib/avr5\libm.a(fp_zero.o)
 .data          0x00000000        0x0 d:/program files (x86)/atmel/studio/7.0/toolchain/avr8/avr8-gnu-toolchain/bin/../lib/gcc/avr/5.4.0/../../../../avr/lib/avr5\libm.a(fp_zero.o)
 .bss           0x00000000        0x0 d:/program files (x86)/atmel/studio/7.0/toolchain/avr8/avr8-gnu-toolchain/bin/../lib/gcc/avr/5.4.0/../../../../avr/lib/avr5\libm.a(fp_zero.o)
 .text.avr-libc.fplib
                0x00000000        0xe d:/program files (x86)/atmel/studio/7.0/toolchain/avr8/avr8-gnu-toolchain/bin/../lib/gcc/avr/5.4.0/../../../../avr/lib/avr5\libm.a(fp_zero.o)
 .text          0x00000000        0x0 d:/program files (x86)/atmel/studio/7.0/toolchain/avr8/avr8-gnu-toolchain/bin/../lib/gcc/avr/5.4.0/../../../../avr/lib/avr5\libm.a(gesf2.o)
 .data          0x00000000        0x0 d:/program files (x86)/atmel/studio/7.0/toolchain/avr8/avr8-gnu-toolchain/bin/../lib/gcc/avr/5.4.0/../../../../avr/lib/avr5\libm.a(gesf2.o)
 .bss           0x00000000        0x0 d:/program files (x86)/atmel/studio/7.0/toolchain/avr8/avr8-gnu-toolchain/bin/../lib/gcc/avr/5.4.0/../../../../avr/lib/avr5\libm.a(gesf2.o)
 .text.avr-libc.fplib
                0x00000000        0xa d:/program files (x86)/atmel/studio/7.0/toolchain/avr8/avr8-gnu-toolchain/bin/../lib/gcc/avr/5.4.0/../../../../avr/lib/avr5\libm.a(gesf2.o)
 .text          0x00000000        0x0 d:/program files (x86)/atmel/studio/7.0/toolchain/avr8/avr8-gnu-toolchain/bin/../lib/gcc/avr/5.4.0/../../../../avr/lib/avr5\libm.a(mulsf3.o)
 .data          0x00000000        0x0 d:/program files (x86)/atmel/studio/7.0/toolchain/avr8/avr8-gnu-toolchain/bin/../lib/gcc/avr/5.4.0/../../../../avr/lib/avr5\libm.a(mulsf3.o)
 .bss           0x00000000        0x0 d:/program files (x86)/atmel/studio/7.0/toolchain/avr8/avr8-gnu-toolchain/bin/../lib/gcc/avr/5.4.0/../../../../avr/lib/avr5\libm.a(mulsf3.o)
 .text.avr-libc.fplib
                0x00000000        0x8 d:/program files (x86)/atmel/studio/7.0/toolchain/avr8/avr8-gnu-toolchain/bin/../lib/gcc/avr/5.4.0/../../../../avr/lib/avr5\libm.a(mulsf3.o)
 .text          0x00000000        0x0 d:/program files (x86)/atmel/studio/7.0/toolchain/avr8/avr8-gnu-toolchain/bin/../lib/gcc/avr/5.4.0/../../../../avr/lib/avr5\libm.a(mulsf3x.o)
 .data          0x00000000        0x0 d:/program files (x86)/atmel/studio/7.0/toolchain/avr8/avr8-gnu-toolchain/bin/../lib/gcc/avr/5.4.0/../../../../avr/lib/avr5\libm.a(mulsf3x.o)
 .bss           0x00000000        0x0 d:/program files (x86)/atmel/studio/7.0/toolchain/avr8/avr8-gnu-toolchain/bin/../lib/gcc/avr/5.4.0/../../../../avr/lib/avr5\libm.a(mulsf3x.o)
 .text.avr-libc.fplib
                0x00000000       0xd2 d:/program files (x86)/atmel/studio/7.0/toolchain/avr8/avr8-gnu-toolchain/bin/../lib/gcc/avr/5.4.0/../../../../avr/lib/avr5\libm.a(mulsf3x.o)
 .text          0x00000000        0x0 d:/program files (x86)/atmel/studio/7.0/toolchain/avr8/avr8-gnu-toolchain/bin/../lib/gcc/avr/5.4.0/../../../../avr/lib/avr5\libm.a(unordsf2.o)
 .data          0x00000000        0x0 d:/program files (x86)/atmel/studio/7.0/toolchain/avr8/avr8-gnu-toolchain/bin/../lib/gcc/avr/5.4.0/../../../../avr/lib/avr5\libm.a(unordsf2.o)
 .bss           0x00000000        0x0 d:/program files (x86)/atmel/studio/7.0/toolchain/avr8/avr8-gnu-toolchain/bin/../lib/gcc/avr/5.4.0/../../../../avr/lib/avr5\libm.a(unordsf2.o)
 .text.avr-libc.fplib
                0x00000000        0xa d:/program files (x86)/atmel/studio/7.0/toolchain/avr8/avr8-gnu-toolchain/bin/../lib/gcc/avr/5.4.0/../../../../avr/lib/avr5\libm.a(unordsf2.o)
 .text          0x00000000        0x0 d:/program files (x86)/atmel/studio/7.0/toolchain/avr8/avr8-gnu-toolchain/bin/../lib/gcc/avr/5.4.0/avr5\libgcc.a(_udivmodsi4.o)
 .data          0x00000000        0x0 d:/program files (x86)/atmel/studio/7.0/toolchain/avr8/avr8-gnu-toolchain/bin/../lib/gcc/avr/5.4.0/avr5\libgcc.a(_udivmodsi4.o)
 .bss           0x00000000        0x0 d:/program files (x86)/atmel/studio/7.0/toolchain/avr8/avr8-gnu-toolchain/bin/../lib/gcc/avr/5.4.0/avr5\libgcc.a(_udivmodsi4.o)
 .text.libgcc.mul
                0x00000000        0x0 d:/program files (x86)/atmel/studio/7.0/toolchain/avr8/avr8-gnu-toolchain/bin/../lib/gcc/avr/5.4.0/avr5\libgcc.a(_udivmodsi4.o)
 .text.libgcc   0x00000000        0x0 d:/program files (x86)/atmel/studio/7.0/toolchain/avr8/avr8-gnu-toolchain/bin/../lib/gcc/avr/5.4.0/avr5\libgcc.a(_udivmodsi4.o)
 .text.libgcc.prologue
                0x00000000        0x0 d:/program files (x86)/atmel/studio/7.0/toolchain/avr8/avr8-gnu-toolchain/bin/../lib/gcc/avr/5.4.0/avr5\libgcc.a(_udivmodsi4.o)
 .text.libgcc.builtins
                0x00000000        0x0 d:/program files (x86)/atmel/studio/7.0/toolchain/avr8/avr8-gnu-toolchain/bin/../lib/gcc/avr/5.4.0/avr5\libgcc.a(_udivmodsi4.o)
 .text.libgcc.fmul
                0x00000000        0x0 d:/program files (x86)/atmel/studio/7.0/toolchain/avr8/avr8-gnu-toolchain/bin/../lib/gcc/avr/5.4.0/avr5\libgcc.a(_udivmodsi4.o)
 .text.libgcc.fixed
                0x00000000        0x0 d:/program files (x86)/atmel/studio/7.0/toolchain/avr8/avr8-gnu-toolchain/bin/../lib/gcc/avr/5.4.0/avr5\libgcc.a(_udivmodsi4.o)
 .text          0x00000000        0x0 d:/program files (x86)/atmel/studio/7.0/toolchain/avr8/avr8-gnu-toolchain/bin/../lib/gcc/avr/5.4.0/avr5\libgcc.a(_exit.o)
 .data          0x00000000        0x0 d:/program files (x86)/atmel/studio/7.0/toolchain/avr8/avr8-gnu-toolchain/bin/../lib/gcc/avr/5.4.0/avr5\libgcc.a(_exit.o)
 .bss           0x00000000        0x0 d:/program files (x86)/atmel/studio/7.0/toolchain/avr8/avr8-gnu-toolchain/bin/../lib/gcc/avr/5.4.0/avr5\libgcc.a(_exit.o)
 .text.libgcc.mul
                0x00000000        0x0 d:/program files (x86)/atmel/studio/7.0/toolchain/avr8/avr8-gnu-toolchain/bin/../lib/gcc/avr/5.4.0/avr5\libgcc.a(_exit.o)
 .text.libgcc.div
                0x00000000        0x0 d:/program files (x86)/atmel/studio/7.0/toolchain/avr8/avr8-gnu-toolchain/bin/../lib/gcc/avr/5.4.0/avr5\libgcc.a(_exit.o)
 .text.libgcc   0x00000000        0x0 d:/program files (x86)/atmel/studio/7.0/toolchain/avr8/avr8-gnu-toolchain/bin/../lib/gcc/avr/5.4.0/avr5\libgcc.a(_exit.o)
 .text.libgcc.prologue
                0x00000000        0x0 d:/program files (x86)/atmel/studio/7.0/toolchain/avr8/avr8-gnu-toolchain/bin/../lib/gcc/avr/5.4.0/avr5\libgcc.a(_exit.o)
 .text.libgcc.builtins
                0x00000000        0x0 d:/program files (x86)/atmel/studio/7.0/toolchain/avr8/avr8-gnu-toolchain/bin/../lib/gcc/avr/5.4.0/avr5\libgcc.a(_exit.o)
 .text.libgcc.fmul
                0x00000000        0x0 d:/program files (x86)/atmel/studio/7.0/toolchain/avr8/avr8-gnu-toolchain/bin/../lib/gcc/avr/5.4.0/avr5\libgcc.a(_exit.o)
 .text.libgcc.fixed
                0x00000000        0x0 d:/program files (x86)/atmel/studio/7.0/toolchain/avr8/avr8-gnu-toolchain/bin/../lib/gcc/avr/5.4.0/avr5\libgcc.a(_exit.o)
 .text          0x00000000        0x0 d:/program files (x86)/atmel/studio/7.0/toolchain/avr8/avr8-gnu-toolchain/bin/../lib/gcc/avr/5.4.0/avr5\libgcc.a(_copy_data.o)
 .data          0x00000000        0x0 d:/program files (x86)/atmel/studio/7.0/toolchain/avr8/avr8-gnu-toolchain/bin/../lib/gcc/avr/5.4.0/avr5\libgcc.a(_copy_data.o)
 .bss           0x00000000        0x0 d:/program files (x86)/atmel/studio/7.0/toolchain/avr8/avr8-gnu-toolchain/bin/../lib/gcc/avr/5.4.0/avr5\libgcc.a(_copy_data.o)
 .text.libgcc.mul
                0x00000000        0x0 d:/program files (x86)/atmel/studio/7.0/toolchain/avr8/avr8-gnu-toolchain/bin/../lib/gcc/avr/5.4.0/avr5\libgcc.a(_copy_data.o)
 .text.libgcc.div
                0x00000000        0x0 d:/program files (x86)/atmel/studio/7.0/toolchain/avr8/avr8-gnu-toolchain/bin/../lib/gcc/avr/5.4.0/avr5\libgcc.a(_copy_data.o)
 .text.libgcc   0x00000000        0x0 d:/program files (x86)/atmel/studio/7.0/toolchain/avr8/avr8-gnu-toolchain/bin/../lib/gcc/avr/5.4.0/avr5\libgcc.a(_copy_data.o)
 .text.libgcc.prologue
                0x00000000        0x0 d:/program files (x86)/atmel/studio/7.0/toolchain/avr8/avr8-gnu-toolchain/bin/../lib/gcc/avr/5.4.0/avr5\libgcc.a(_copy_data.o)
 .text.libgcc.builtins
                0x00000000        0x0 d:/program files (x86)/atmel/studio/7.0/toolchain/avr8/avr8-gnu-toolchain/bin/../lib/gcc/avr/5.4.0/avr5\libgcc.a(_copy_data.o)
 .text.libgcc.fmul
                0x00000000        0x0 d:/program files (x86)/atmel/studio/7.0/toolchain/avr8/avr8-gnu-toolchain/bin/../lib/gcc/avr/5.4.0/avr5\libgcc.a(_copy_data.o)
 .text.libgcc.fixed
                0x00000000        0x0 d:/program files (x86)/atmel/studio/7.0/toolchain/avr8/avr8-gnu-toolchain/bin/../lib/gcc/avr/5.4.0/avr5\libgcc.a(_copy_data.o)
 .text          0x00000000        0x0 d:/program files (x86)/atmel/studio/7.0/toolchain/avr8/avr8-gnu-toolchain/bin/../lib/gcc/avr/5.4.0/avr5\libgcc.a(_clear_bss.o)
 .data          0x00000000        0x0 d:/program files (x86)/atmel/studio/7.0/toolchain/avr8/avr8-gnu-toolchain/bin/../lib/gcc/avr/5.4.0/avr5\libgcc.a(_clear_bss.o)
 .bss           0x00000000        0x0 d:/program files (x86)/atmel/studio/7.0/toolchain/avr8/avr8-gnu-toolchain/bin/../lib/gcc/avr/5.4.0/avr5\libgcc.a(_clear_bss.o)
 .text.libgcc.mul
                0x00000000        0x0 d:/program files (x86)/atmel/studio/7.0/toolchain/avr8/avr8-gnu-toolchain/bin/../lib/gcc/avr/5.4.0/avr5\libgcc.a(_clear_bss.o)
 .text.libgcc.div
                0x00000000        0x0 d:/program files (x86)/atmel/studio/7.0/toolchain/avr8/avr8-gnu-toolchain/bin/../lib/gcc/avr/5.4.0/avr5\libgcc.a(_clear_bss.o)
 .text.libgcc   0x00000000        0x0 d:/program files (x86)/atmel/studio/7.0/toolchain/avr8/avr8-gnu-toolchain/bin/../lib/gcc/avr/5.4.0/avr5\libgcc.a(_clear_bss.o)
 .text.libgcc.prologue
                0x00000000        0x0 d:/program files (x86)/atmel/studio/7.0/toolchain/avr8/avr8-gnu-toolchain/bin/../lib/gcc/avr/5.4.0/avr5\libgcc.a(_clear_bss.o)
 .text.libgcc.builtins
                0x00000000        0x0 d:/program files (x86)/atmel/studio/7.0/toolchain/avr8/avr8-gnu-toolchain/bin/../lib/gcc/avr/5.4.0/avr5\libgcc.a(_clear_bss.o)
 .text.libgcc.fmul
                0x00000000        0x0 d:/program files (x86)/atmel/studio/7.0/toolchain/avr8/avr8-gnu-toolchain/bin/../lib/gcc/avr/5.4.0/avr5\libgcc.a(_clear_bss.o)
 .text.libgcc.fixed
                0x00000000        0x0 d:/program files (x86)/atmel/studio/7.0/toolchain/avr8/avr8-gnu-toolchain/bin/../lib/gcc/avr/5.4.0/avr5\libgcc.a(_clear_bss.o)
 .text          0x00000000        0x0 d:/program files (x86)/atmel/studio/7.0/toolchain/avr8/avr8-gnu-toolchain/bin/../lib/gcc/avr/5.4.0/avr5\libgcc.a(_ctors.o)
 .data          0x00000000        0x0 d:/program files (x86)/atmel/studio/7.0/toolchain/avr8/avr8-gnu-toolchain/bin/../lib/gcc/avr/5.4.0/avr5\libgcc.a(_ctors.o)
 .bss           0x00000000        0x0 d:/program files (x86)/atmel/studio/7.0/toolchain/avr8/avr8-gnu-toolchain/bin/../lib/gcc/avr/5.4.0/avr5\libgcc.a(_ctors.o)
 .text.libgcc.mul
                0x00000000        0x0 d:/program files (x86)/atmel/studio/7.0/toolchain/avr8/avr8-gnu-toolchain/bin/../lib/gcc/avr/5.4.0/avr5\libgcc.a(_ctors.o)
 .text.libgcc.div
                0x00000000        0x0 d:/program files (x86)/atmel/studio/7.0/toolchain/avr8/avr8-gnu-toolchain/bin/../lib/gcc/avr/5.4.0/avr5\libgcc.a(_ctors.o)
 .text.libgcc   0x00000000        0x0 d:/program files (x86)/atmel/studio/7.0/toolchain/avr8/avr8-gnu-toolchain/bin/../lib/gcc/avr/5.4.0/avr5\libgcc.a(_ctors.o)
 .text.libgcc.prologue
                0x00000000        0x0 d:/program files (x86)/atmel/studio/7.0/toolchain/avr8/avr8-gnu-toolchain/bin/../lib/gcc/avr/5.4.0/avr5\libgcc.a(_ctors.o)
 .text.libgcc.builtins
                0x00000000        0x0 d:/program files (x86)/atmel/studio/7.0/toolchain/avr8/avr8-gnu-toolchain/bin/../lib/gcc/avr/5.4.0/avr5\libgcc.a(_ctors.o)
 .text.libgcc.fmul
                0x00000000        0x0 d:/program files (x86)/atmel/studio/7.0/toolchain/avr8/avr8-gnu-toolchain/bin/../lib/gcc/avr/5.4.0/avr5\libgcc.a(_ctors.o)
 .text.libgcc.fixed
                0x00000000        0x0 d:/program files (x86)/atmel/studio/7.0/toolchain/avr8/avr8-gnu-toolchain/bin/../lib/gcc/avr/5.4.0/avr5\libgcc.a(_ctors.o)
 .text          0x00000000        0x0 d:/program files (x86)/atmel/studio/7.0/toolchain/avr8/avr8-gnu-toolchain/bin/../lib/gcc/avr/5.4.0/avr5\libgcc.a(_tablejump2.o)
 .data          0x00000000        0x0 d:/program files (x86)/atmel/studio/7.0/toolchain/avr8/avr8-gnu-toolchain/bin/../lib/gcc/avr/5.4.0/avr5\libgcc.a(_tablejump2.o)
 .bss           0x00000000        0x0 d:/program files (x86)/atmel/studio/7.0/toolchain/avr8/avr8-gnu-toolchain/bin/../lib/gcc/avr/5.4.0/avr5\libgcc.a(_tablejump2.o)
 .text.libgcc.mul
                0x00000000        0x0 d:/program files (x86)/atmel/studio/7.0/toolchain/avr8/avr8-gnu-toolchain/bin/../lib/gcc/avr/5.4.0/avr5\libgcc.a(_tablejump2.o)
 .text.libgcc.div
                0x00000000        0x0 d:/program files (x86)/atmel/studio/7.0/toolchain/avr8/avr8-gnu-toolchain/bin/../lib/gcc/avr/5.4.0/avr5\libgcc.a(_tablejump2.o)
 .text.libgcc.prologue
                0x00000000        0x0 d:/program files (x86)/atmel/studio/7.0/toolchain/avr8/avr8-gnu-toolchain/bin/../lib/gcc/avr/5.4.0/avr5\libgcc.a(_tablejump2.o)
 .text.libgcc.builtins
                0x00000000        0x0 d:/program files (x86)/atmel/studio/7.0/toolchain/avr8/avr8-gnu-toolchain/bin/../lib/gcc/avr/5.4.0/avr5\libgcc.a(_tablejump2.o)
 .text.libgcc.fmul
                0x00000000        0x0 d:/program files (x86)/atmel/studio/7.0/toolchain/avr8/avr8-gnu-toolchain/bin/../lib/gcc/avr/5.4.0/avr5\libgcc.a(_tablejump2.o)
 .text.libgcc.fixed
                0x00000000        0x0 d:/program files (x86)/atmel/studio/7.0/toolchain/avr8/avr8-gnu-toolchain/bin/../lib/gcc/avr/5.4.0/avr5\libgcc.a(_tablejump2.o)
 .text          0x00000000        0x0 d:/program files (x86)/atmel/studio/7.0/toolchain/avr8/avr8-gnu-toolchain/bin/../lib/gcc/avr/5.4.0/../../../../avr/lib/avr5\libc.a(abort.o)
 .data          0x00000000        0x0 d:/program files (x86)/atmel/studio/7.0/toolchain/avr8/avr8-gnu-toolchain/bin/../lib/gcc/avr/5.4.0/../../../../avr/lib/avr5\libc.a(abort.o)
 .bss           0x00000000        0x0 d:/program files (x86)/atmel/studio/7.0/toolchain/avr8/avr8-gnu-toolchain/bin/../lib/gcc/avr/5.4.0/../../../../avr/lib/avr5\libc.a(abort.o)
 .text.avr-libc
                0x00000000        0xa d:/program files (x86)/atmel/studio/7.0/toolchain/avr8/avr8-gnu-toolchain/bin/../lib/gcc/avr/5.4.0/../../../../avr/lib/avr5\libc.a(abort.o)

Memory Configuration

Name             Origin             Length             Attributes
text             0x00000000         0x00020000         xr
data             0x00800060         0x0000ffa0         rw !x
eeprom           0x00810000         0x00010000         rw !x
fuse             0x00820000         0x00000003         rw !x
lock             0x00830000         0x00000400         rw !x
signature        0x00840000         0x00000400         rw !x
user_signatures  0x00850000         0x00000400         rw !x
*default*        0x00000000         0xffffffff

Linker script and memory map

Address of section .data set to 0x800100
LOAD D:/Program Files (x86)/Atmel/Studio/7.0/Packs/atmel/ATmega_DFP/1.2.209/gcc/dev/atmega328p/avr5/crtatmega328p.o
LOAD Sketch.o
START GROUP
LOAD d:/program files (x86)/atmel/studio/7.0/toolchain/avr8/avr8-gnu-toolchain/bin/../lib/gcc/avr/5.4.0/../../../../avr/lib/avr5\libm.a
LOAD D:\WORK\Project\Github\etable\code\Arduino\AS7_test\AS7_test\ArduinoCore\Debug\libArduinoCore.a
END GROUP
LOAD d:/program files (x86)/atmel/studio/7.0/toolchain/avr8/avr8-gnu-toolchain/bin/../lib/gcc/avr/5.4.0/avr5\libgcc.a
LOAD d:/program files (x86)/atmel/studio/7.0/toolchain/avr8/avr8-gnu-toolchain/bin/../lib/gcc/avr/5.4.0/../../../../avr/lib/avr5\libm.a
START GROUP
LOAD d:/program files (x86)/atmel/studio/7.0/toolchain/avr8/avr8-gnu-toolchain/bin/../lib/gcc/avr/5.4.0/avr5\libgcc.a
LOAD d:/program files (x86)/atmel/studio/7.0/toolchain/avr8/avr8-gnu-toolchain/bin/../lib/gcc/avr/5.4.0/../../../../avr/lib/avr5\libm.a
LOAD d:/program files (x86)/atmel/studio/7.0/toolchain/avr8/avr8-gnu-toolchain/bin/../lib/gcc/avr/5.4.0/../../../../avr/lib/avr5\libc.a
LOAD D:/Program Files (x86)/Atmel/Studio/7.0/Packs/atmel/ATmega_DFP/1.2.209/gcc/dev/atmega328p/avr5\libatmega328p.a
END GROUP
                0x00020000                __TEXT_REGION_LENGTH__ = DEFINED (__TEXT_REGION_LENGTH__)?__TEXT_REGION_LENGTH__:0x20000
                0x0000ffa0                __DATA_REGION_LENGTH__ = DEFINED (__DATA_REGION_LENGTH__)?__DATA_REGION_LENGTH__:0xffa0
                0x00010000                __EEPROM_REGION_LENGTH__ = DEFINED (__EEPROM_REGION_LENGTH__)?__EEPROM_REGION_LENGTH__:0x10000
                [0x00000003]                __FUSE_REGION_LENGTH__ = DEFINED (__FUSE_REGION_LENGTH__)?__FUSE_REGION_LENGTH__:0x400
                0x00000400                __LOCK_REGION_LENGTH__ = DEFINED (__LOCK_REGION_LENGTH__)?__LOCK_REGION_LENGTH__:0x400
                0x00000400                __SIGNATURE_REGION_LENGTH__ = DEFINED (__SIGNATURE_REGION_LENGTH__)?__SIGNATURE_REGION_LENGTH__:0x400
                0x00000400                __USER_SIGNATURE_REGION_LENGTH__ = DEFINED (__USER_SIGNATURE_REGION_LENGTH__)?__USER_SIGNATURE_REGION_LENGTH__:0x400

.hash
 *(.hash)

.dynsym
 *(.dynsym)

.dynstr
 *(.dynstr)

.gnu.version
 *(.gnu.version)

.gnu.version_d
 *(.gnu.version_d)

.gnu.version_r
 *(.gnu.version_r)

.rel.init
 *(.rel.init)

.rela.init
 *(.rela.init)

.rel.text
 *(.rel.text)
 *(.rel.text.*)
 *(.rel.gnu.linkonce.t*)

.rela.text
 *(.rela.text)
 *(.rela.text.*)
 *(.rela.gnu.linkonce.t*)

.rel.fini
 *(.rel.fini)

.rela.fini
 *(.rela.fini)

.rel.rodata
 *(.rel.rodata)
 *(.rel.rodata.*)
 *(.rel.gnu.linkonce.r*)

.rela.rodata
 *(.rela.rodata)
 *(.rela.rodata.*)
 *(.rela.gnu.linkonce.r*)

.rel.data
 *(.rel.data)
 *(.rel.data.*)
 *(.rel.gnu.linkonce.d*)

.rela.data
 *(.rela.data)
 *(.rela.data.*)
 *(.rela.gnu.linkonce.d*)

.rel.ctors
 *(.rel.ctors)

.rela.ctors
 *(.rela.ctors)

.rel.dtors
 *(.rel.dtors)

.rela.dtors
 *(.rela.dtors)

.rel.got
 *(.rel.got)

.rela.got
 *(.rela.got)

.rel.bss
 *(.rel.bss)

.rela.bss
 *(.rela.bss)

.rel.plt
 *(.rel.plt)

.rela.plt
 *(.rela.plt)

.text           0x00000000     0x1208
 *(.vectors)
 .vectors       0x00000000       0x68 D:/Program Files (x86)/Atmel/Studio/7.0/Packs/atmel/ATmega_DFP/1.2.209/gcc/dev/atmega328p/avr5/crtatmega328p.o
                0x00000000                __vector_default
                0x00000000                __vectors
 *(.vectors)
 *(.progmem.gcc*)
                0x00000068                . = ALIGN (0x2)
                0x00000068                __trampolines_start = .
 *(.trampolines)
 .trampolines   0x00000068        0x0 linker stubs
 *(.trampolines*)
                0x00000068                __trampolines_end = .
 *libprintf_flt.a:*(.progmem.data)
 *libc.a:*(.progmem.data)
 *(.progmem*)
 .progmem.data.digital_pin_to_timer_PGM
                0x00000068       0x14 D:\WORK\Project\Github\etable\code\Arduino\AS7_test\AS7_test\ArduinoCore\Debug\libArduinoCore.a(wiring_digital.o)
                0x00000068                digital_pin_to_timer_PGM
 .progmem.data.digital_pin_to_bit_mask_PGM
                0x0000007c       0x14 D:\WORK\Project\Github\etable\code\Arduino\AS7_test\AS7_test\ArduinoCore\Debug\libArduinoCore.a(wiring_digital.o)
                0x0000007c                digital_pin_to_bit_mask_PGM
 .progmem.data.digital_pin_to_port_PGM
                0x00000090       0x14 D:\WORK\Project\Github\etable\code\Arduino\AS7_test\AS7_test\ArduinoCore\Debug\libArduinoCore.a(wiring_digital.o)
                0x00000090                digital_pin_to_port_PGM
 .progmem.data.port_to_output_PGM
                0x000000a4        0xa D:\WORK\Project\Github\etable\code\Arduino\AS7_test\AS7_test\ArduinoCore\Debug\libArduinoCore.a(wiring_digital.o)
                0x000000a4                port_to_output_PGM
                0x000000ae                . = ALIGN (0x2)
 *(.jumptables)
 *(.jumptables*)
 *(.lowtext)
 *(.lowtext*)
                0x000000ae                __ctors_start = .
 *(.ctors)
 .ctors         0x000000ae        0x2 D:\WORK\Project\Github\etable\code\Arduino\AS7_test\AS7_test\ArduinoCore\Debug\libArduinoCore.a(HardwareSerial0.o)
 .ctors         0x000000b0        0x2 D:\WORK\Project\Github\etable\code\Arduino\AS7_test\AS7_test\ArduinoCore\Debug\libArduinoCore.a(Wire.o)
                0x000000b2                __ctors_end = .
                0x000000b2                __dtors_start = .
 *(.dtors)
                0x000000b2                __dtors_end = .
 SORT(*)(.ctors)
 SORT(*)(.dtors)
 *(.init0)
 .init0         0x000000b2        0x0 D:/Program Files (x86)/Atmel/Studio/7.0/Packs/atmel/ATmega_DFP/1.2.209/gcc/dev/atmega328p/avr5/crtatmega328p.o
                0x000000b2                __init
 *(.init0)
 *(.init1)
 *(.init1)
 *(.init2)
 .init2         0x000000b2        0xc D:/Program Files (x86)/Atmel/Studio/7.0/Packs/atmel/ATmega_DFP/1.2.209/gcc/dev/atmega328p/avr5/crtatmega328p.o
 *(.init2)
 *(.init3)
 *(.init3)
 *(.init4)
 .init4         0x000000be       0x16 d:/program files (x86)/atmel/studio/7.0/toolchain/avr8/avr8-gnu-toolchain/bin/../lib/gcc/avr/5.4.0/avr5\libgcc.a(_copy_data.o)
                0x000000be                __do_copy_data
 .init4         0x000000d4       0x10 d:/program files (x86)/atmel/studio/7.0/toolchain/avr8/avr8-gnu-toolchain/bin/../lib/gcc/avr/5.4.0/avr5\libgcc.a(_clear_bss.o)
                0x000000d4                __do_clear_bss
 *(.init4)
 *(.init5)
 *(.init5)
 *(.init6)
 .init6         0x000000e4       0x16 d:/program files (x86)/atmel/studio/7.0/toolchain/avr8/avr8-gnu-toolchain/bin/../lib/gcc/avr/5.4.0/avr5\libgcc.a(_ctors.o)
                0x000000e4                __do_global_ctors
 *(.init6)
 *(.init7)
 *(.init7)
 *(.init8)
 *(.init8)
 *(.init9)
 .init9         0x000000fa        0x8 D:/Program Files (x86)/Atmel/Studio/7.0/Packs/atmel/ATmega_DFP/1.2.209/gcc/dev/atmega328p/avr5/crtatmega328p.o
 *(.init9)
 *(.text)
 .text          0x00000102        0x4 D:/Program Files (x86)/Atmel/Studio/7.0/Packs/atmel/ATmega_DFP/1.2.209/gcc/dev/atmega328p/avr5/crtatmega328p.o
                0x00000102                __vector_22
                0x00000102                __vector_1
                0x00000102                __vector_12
                0x00000102                __bad_interrupt
                0x00000102                __vector_6
                0x00000102                __vector_3
                0x00000102                __vector_23
                0x00000102                __vector_25
                0x00000102                __vector_11
                0x00000102                __vector_13
                0x00000102                __vector_17
                0x00000102                __vector_7
                0x00000102                __vector_5
                0x00000102                __vector_4
                0x00000102                __vector_9
                0x00000102                __vector_2
                0x00000102                __vector_21
                0x00000102                __vector_15
                0x00000102                __vector_8
                0x00000102                __vector_14
                0x00000102                __vector_10
                0x00000102                __vector_20
                0x00000106                . = ALIGN (0x2)
 *(.text.*)
 .text.setup    0x00000106       0x5c Sketch.o
                0x00000106                setup
 .text.loop     0x00000162      0x152 Sketch.o
                0x00000162                loop
 .text._ZN14HardwareSerial9availableEv
                0x000002b4       0x18 D:\WORK\Project\Github\etable\code\Arduino\AS7_test\AS7_test\ArduinoCore\Debug\libArduinoCore.a(HardwareSerial.o)
                0x000002b4                _ZN14HardwareSerial9availableEv
 .text._ZN14HardwareSerial4peekEv
                0x000002cc       0x1c D:\WORK\Project\Github\etable\code\Arduino\AS7_test\AS7_test\ArduinoCore\Debug\libArduinoCore.a(HardwareSerial.o)
                0x000002cc                _ZN14HardwareSerial4peekEv
 .text._ZN14HardwareSerial4readEv
                0x000002e8       0x28 D:\WORK\Project\Github\etable\code\Arduino\AS7_test\AS7_test\ArduinoCore\Debug\libArduinoCore.a(HardwareSerial.o)
                0x000002e8                _ZN14HardwareSerial4readEv
 .text._ZN14HardwareSerial17availableForWriteEv
                0x00000310       0x1e D:\WORK\Project\Github\etable\code\Arduino\AS7_test\AS7_test\ArduinoCore\Debug\libArduinoCore.a(HardwareSerial.o)
                0x00000310                _ZN14HardwareSerial17availableForWriteEv
 .text._Z14serialEventRunv
                0x0000032e       0x1c D:\WORK\Project\Github\etable\code\Arduino\AS7_test\AS7_test\ArduinoCore\Debug\libArduinoCore.a(HardwareSerial.o)
                0x0000032e                _Z14serialEventRunv
 .text._ZN14HardwareSerial17_tx_udr_empty_irqEv
                0x0000034a       0x44 D:\WORK\Project\Github\etable\code\Arduino\AS7_test\AS7_test\ArduinoCore\Debug\libArduinoCore.a(HardwareSerial.o)
                0x0000034a                _ZN14HardwareSerial17_tx_udr_empty_irqEv
 .text._ZN14HardwareSerial5writeEh
                0x0000038e       0x9a D:\WORK\Project\Github\etable\code\Arduino\AS7_test\AS7_test\ArduinoCore\Debug\libArduinoCore.a(HardwareSerial.o)
                0x0000038e                _ZN14HardwareSerial5writeEh
 .text._ZN14HardwareSerial5flushEv
                0x00000428       0x44 D:\WORK\Project\Github\etable\code\Arduino\AS7_test\AS7_test\ArduinoCore\Debug\libArduinoCore.a(HardwareSerial.o)
                0x00000428                _ZN14HardwareSerial5flushEv
 .text._ZN14HardwareSerial5beginEmh
                0x0000046c       0xca D:\WORK\Project\Github\etable\code\Arduino\AS7_test\AS7_test\ArduinoCore\Debug\libArduinoCore.a(HardwareSerial.o)
                0x0000046c                _ZN14HardwareSerial5beginEmh
 .text._ZN5Print17availableForWriteEv
                0x00000536        0x6 D:\WORK\Project\Github\etable\code\Arduino\AS7_test\AS7_test\ArduinoCore\Debug\libArduinoCore.a(HardwareSerial0.o)
                0x00000536                _ZN5Print17availableForWriteEv
 .text.__vector_18
                0x0000053c       0x64 D:\WORK\Project\Github\etable\code\Arduino\AS7_test\AS7_test\ArduinoCore\Debug\libArduinoCore.a(HardwareSerial0.o)
                0x0000053c                __vector_18
 .text.__vector_19
                0x000005a0       0x4c D:\WORK\Project\Github\etable\code\Arduino\AS7_test\AS7_test\ArduinoCore\Debug\libArduinoCore.a(HardwareSerial0.o)
                0x000005a0                __vector_19
 .text._Z17Serial0_availablev
                0x000005ec       0x14 D:\WORK\Project\Github\etable\code\Arduino\AS7_test\AS7_test\ArduinoCore\Debug\libArduinoCore.a(HardwareSerial0.o)
                0x000005ec                _Z17Serial0_availablev
 .text.startup._GLOBAL__sub_I___vector_18
                0x00000600       0x5a D:\WORK\Project\Github\etable\code\Arduino\AS7_test\AS7_test\ArduinoCore\Debug\libArduinoCore.a(HardwareSerial0.o)
 .text.initVariant
                0x0000065a        0x2 D:\WORK\Project\Github\etable\code\Arduino\AS7_test\AS7_test\ArduinoCore\Debug\libArduinoCore.a(main.o)
                0x0000065a                initVariant
 .text.startup.main
                0x0000065c       0x1e D:\WORK\Project\Github\etable\code\Arduino\AS7_test\AS7_test\ArduinoCore\Debug\libArduinoCore.a(main.o)
                0x0000065c                main
 .text._ZN5Print5writeEPKhj
                0x0000067a       0x54 D:\WORK\Project\Github\etable\code\Arduino\AS7_test\AS7_test\ArduinoCore\Debug\libArduinoCore.a(Print.o)
                0x0000067a                _ZN5Print5writeEPKhj
 .text._ZN5Print5writeEPKc
                0x000006ce       0x2a D:\WORK\Project\Github\etable\code\Arduino\AS7_test\AS7_test\ArduinoCore\Debug\libArduinoCore.a(Print.o)
                0x000006ce                _ZN5Print5writeEPKc
 .text._ZN5Print5printEPKc
                0x000006f8        0x4 D:\WORK\Project\Github\etable\code\Arduino\AS7_test\AS7_test\ArduinoCore\Debug\libArduinoCore.a(Print.o)
                0x000006f8                _ZN5Print5printEPKc
 .text._ZN5Print7printlnEv
                0x000006fc        0x8 D:\WORK\Project\Github\etable\code\Arduino\AS7_test\AS7_test\ArduinoCore\Debug\libArduinoCore.a(Print.o)
                0x000006fc                _ZN5Print7printlnEv
 .text._ZN5Print7printlnEPKc
                0x00000704       0x24 D:\WORK\Project\Github\etable\code\Arduino\AS7_test\AS7_test\ArduinoCore\Debug\libArduinoCore.a(Print.o)
                0x00000704                _ZN5Print7printlnEPKc
 .text._ZN5Print11printNumberEmh
                0x00000728       0x92 D:\WORK\Project\Github\etable\code\Arduino\AS7_test\AS7_test\ArduinoCore\Debug\libArduinoCore.a(Print.o)
                0x00000728                _ZN5Print11printNumberEmh
 .text._ZN5Print5printEmi
                0x000007ba       0x1a D:\WORK\Project\Github\etable\code\Arduino\AS7_test\AS7_test\ArduinoCore\Debug\libArduinoCore.a(Print.o)
                0x000007ba                _ZN5Print5printEmi
 .text._ZN5Print5printEhi
                0x000007d4        0xe D:\WORK\Project\Github\etable\code\Arduino\AS7_test\AS7_test\ArduinoCore\Debug\libArduinoCore.a(Print.o)
                0x000007d4                _ZN5Print5printEhi
 .text._ZN5Print7printlnEhi
                0x000007e2       0x24 D:\WORK\Project\Github\etable\code\Arduino\AS7_test\AS7_test\ArduinoCore\Debug\libArduinoCore.a(Print.o)
                0x000007e2                _ZN5Print7printlnEhi
 .text.__vector_16
                0x00000806       0x94 D:\WORK\Project\Github\etable\code\Arduino\AS7_test\AS7_test\ArduinoCore\Debug\libArduinoCore.a(wiring.o)
                0x00000806                __vector_16
 .text.micros   0x0000089a       0x4a D:\WORK\Project\Github\etable\code\Arduino\AS7_test\AS7_test\ArduinoCore\Debug\libArduinoCore.a(wiring.o)
                0x0000089a                micros
 .text.delay    0x000008e4       0x78 D:\WORK\Project\Github\etable\code\Arduino\AS7_test\AS7_test\ArduinoCore\Debug\libArduinoCore.a(wiring.o)
                0x000008e4                delay
 .text.init     0x0000095c       0x76 D:\WORK\Project\Github\etable\code\Arduino\AS7_test\AS7_test\ArduinoCore\Debug\libArduinoCore.a(wiring.o)
                0x0000095c                init
 .text._ZN7TwoWire9availableEv
                0x000009d2       0x10 D:\WORK\Project\Github\etable\code\Arduino\AS7_test\AS7_test\ArduinoCore\Debug\libArduinoCore.a(Wire.o)
                0x000009d2                _ZN7TwoWire9availableEv
 .text._ZN7TwoWire4readEv
                0x000009e2       0x28 D:\WORK\Project\Github\etable\code\Arduino\AS7_test\AS7_test\ArduinoCore\Debug\libArduinoCore.a(Wire.o)
                0x000009e2                _ZN7TwoWire4readEv
 .text._ZN7TwoWire4peekEv
                0x00000a0a       0x1e D:\WORK\Project\Github\etable\code\Arduino\AS7_test\AS7_test\ArduinoCore\Debug\libArduinoCore.a(Wire.o)
                0x00000a0a                _ZN7TwoWire4peekEv
 .text._ZN7TwoWire5flushEv
                0x00000a28        0x2 D:\WORK\Project\Github\etable\code\Arduino\AS7_test\AS7_test\ArduinoCore\Debug\libArduinoCore.a(Wire.o)
                0x00000a28                _ZN7TwoWire5flushEv
 .text._ZN7TwoWire16onReceiveServiceEPhi
                0x00000a2a       0x54 D:\WORK\Project\Github\etable\code\Arduino\AS7_test\AS7_test\ArduinoCore\Debug\libArduinoCore.a(Wire.o)
                0x00000a2a                _ZN7TwoWire16onReceiveServiceEPhi
 .text._ZN7TwoWire16onRequestServiceEv
                0x00000a7e       0x18 D:\WORK\Project\Github\etable\code\Arduino\AS7_test\AS7_test\ArduinoCore\Debug\libArduinoCore.a(Wire.o)
                0x00000a7e                _ZN7TwoWire16onRequestServiceEv
 .text._ZN7TwoWire5writeEPKhj
                0x00000a96       0x5a D:\WORK\Project\Github\etable\code\Arduino\AS7_test\AS7_test\ArduinoCore\Debug\libArduinoCore.a(Wire.o)
                0x00000a96                _ZN7TwoWire5writeEPKhj
 .text._ZN7TwoWire5writeEh
                0x00000af0       0x5e D:\WORK\Project\Github\etable\code\Arduino\AS7_test\AS7_test\ArduinoCore\Debug\libArduinoCore.a(Wire.o)
                0x00000af0                _ZN7TwoWire5writeEh
 .text._ZN7TwoWireC2Ev
                0x00000b4e       0x20 D:\WORK\Project\Github\etable\code\Arduino\AS7_test\AS7_test\ArduinoCore\Debug\libArduinoCore.a(Wire.o)
                0x00000b4e                _ZN7TwoWireC1Ev
                0x00000b4e                _ZN7TwoWireC2Ev
 .text._ZN7TwoWire5beginEv
                0x00000b6e       0x24 D:\WORK\Project\Github\etable\code\Arduino\AS7_test\AS7_test\ArduinoCore\Debug\libArduinoCore.a(Wire.o)
                0x00000b6e                _ZN7TwoWire5beginEv
 .text._ZN7TwoWire17beginTransmissionEh
                0x00000b92       0x14 D:\WORK\Project\Github\etable\code\Arduino\AS7_test\AS7_test\ArduinoCore\Debug\libArduinoCore.a(Wire.o)
                0x00000b92                _ZN7TwoWire17beginTransmissionEh
 .text._ZN7TwoWire17beginTransmissionEi
                0x00000ba6        0x4 D:\WORK\Project\Github\etable\code\Arduino\AS7_test\AS7_test\ArduinoCore\Debug\libArduinoCore.a(Wire.o)
                0x00000ba6                _ZN7TwoWire17beginTransmissionEi
 .text._ZN7TwoWire15endTransmissionEh
                0x00000baa       0x26 D:\WORK\Project\Github\etable\code\Arduino\AS7_test\AS7_test\ArduinoCore\Debug\libArduinoCore.a(Wire.o)
                0x00000baa                _ZN7TwoWire15endTransmissionEh
 .text._ZN7TwoWire11requestFromEhhmhh
                0x00000bd0       0xa8 D:\WORK\Project\Github\etable\code\Arduino\AS7_test\AS7_test\ArduinoCore\Debug\libArduinoCore.a(Wire.o)
                0x00000bd0                _ZN7TwoWire11requestFromEhhmhh
 .text._ZN7TwoWire11requestFromEhhh
                0x00000c78       0x20 D:\WORK\Project\Github\etable\code\Arduino\AS7_test\AS7_test\ArduinoCore\Debug\libArduinoCore.a(Wire.o)
                0x00000c78                _ZN7TwoWire11requestFromEhhh
 .text._ZN7TwoWire11requestFromEii
                0x00000c98        0x6 D:\WORK\Project\Github\etable\code\Arduino\AS7_test\AS7_test\ArduinoCore\Debug\libArduinoCore.a(Wire.o)
                0x00000c98                _ZN7TwoWire11requestFromEii
 .text._ZN7TwoWire15endTransmissionEv
                0x00000c9e        0x6 D:\WORK\Project\Github\etable\code\Arduino\AS7_test\AS7_test\ArduinoCore\Debug\libArduinoCore.a(Wire.o)
                0x00000c9e                _ZN7TwoWire15endTransmissionEv
 .text.startup._GLOBAL__sub_I__ZN7TwoWire8rxBufferE
                0x00000ca4        0x8 D:\WORK\Project\Github\etable\code\Arduino\AS7_test\AS7_test\ArduinoCore\Debug\libArduinoCore.a(Wire.o)
 .text.__empty  0x00000cac        0x2 D:\WORK\Project\Github\etable\code\Arduino\AS7_test\AS7_test\ArduinoCore\Debug\libArduinoCore.a(hooks.o)
                0x00000cac                yield
 .text.twi_init
                0x00000cae       0x3c D:\WORK\Project\Github\etable\code\Arduino\AS7_test\AS7_test\ArduinoCore\Debug\libArduinoCore.a(twi.o)
                0x00000cae                twi_init
 .text.twi_readFrom
                0x00000cea       0x90 D:\WORK\Project\Github\etable\code\Arduino\AS7_test\AS7_test\ArduinoCore\Debug\libArduinoCore.a(twi.o)
                0x00000cea                twi_readFrom
 .text.twi_writeTo
                0x00000d7a       0xac D:\WORK\Project\Github\etable\code\Arduino\AS7_test\AS7_test\ArduinoCore\Debug\libArduinoCore.a(twi.o)
                0x00000d7a                twi_writeTo
 .text.twi_transmit
                0x00000e26       0x50 D:\WORK\Project\Github\etable\code\Arduino\AS7_test\AS7_test\ArduinoCore\Debug\libArduinoCore.a(twi.o)
                0x00000e26                twi_transmit
 .text.twi_attachSlaveRxEvent
                0x00000e76        0xa D:\WORK\Project\Github\etable\code\Arduino\AS7_test\AS7_test\ArduinoCore\Debug\libArduinoCore.a(twi.o)
                0x00000e76                twi_attachSlaveRxEvent
 .text.twi_attachSlaveTxEvent
                0x00000e80        0xa D:\WORK\Project\Github\etable\code\Arduino\AS7_test\AS7_test\ArduinoCore\Debug\libArduinoCore.a(twi.o)
                0x00000e80                twi_attachSlaveTxEvent
 .text.twi_stop
                0x00000e8a       0x14 D:\WORK\Project\Github\etable\code\Arduino\AS7_test\AS7_test\ArduinoCore\Debug\libArduinoCore.a(twi.o)
                0x00000e8a                twi_stop
 .text.twi_releaseBus
                0x00000e9e        0xc D:\WORK\Project\Github\etable\code\Arduino\AS7_test\AS7_test\ArduinoCore\Debug\libArduinoCore.a(twi.o)
                0x00000e9e                twi_releaseBus
 .text.__vector_24
                0x00000eaa      0x25a D:\WORK\Project\Github\etable\code\Arduino\AS7_test\AS7_test\ArduinoCore\Debug\libArduinoCore.a(twi.o)
                0x00000eaa                __vector_24
 .text.turnOffPWM
                0x00001104       0x52 D:\WORK\Project\Github\etable\code\Arduino\AS7_test\AS7_test\ArduinoCore\Debug\libArduinoCore.a(wiring_digital.o)
 .text.digitalWrite
                0x00001156       0x5e D:\WORK\Project\Github\etable\code\Arduino\AS7_test\AS7_test\ArduinoCore\Debug\libArduinoCore.a(wiring_digital.o)
                0x00001156                digitalWrite
 .text.libgcc.div
                0x000011b4       0x44 d:/program files (x86)/atmel/studio/7.0/toolchain/avr8/avr8-gnu-toolchain/bin/../lib/gcc/avr/5.4.0/avr5\libgcc.a(_udivmodsi4.o)
                0x000011b4                __udivmodsi4
 .text.libgcc   0x000011f8        0xc d:/program files (x86)/atmel/studio/7.0/toolchain/avr8/avr8-gnu-toolchain/bin/../lib/gcc/avr/5.4.0/avr5\libgcc.a(_tablejump2.o)
                0x000011f8                __tablejump2__
                0x00001204                . = ALIGN (0x2)
 *(.fini9)
 .fini9         0x00001204        0x0 d:/program files (x86)/atmel/studio/7.0/toolchain/avr8/avr8-gnu-toolchain/bin/../lib/gcc/avr/5.4.0/avr5\libgcc.a(_exit.o)
                0x00001204                _exit
                0x00001204                exit
 *(.fini9)
 *(.fini8)
 *(.fini8)
 *(.fini7)
 *(.fini7)
 *(.fini6)
 *(.fini6)
 *(.fini5)
 *(.fini5)
 *(.fini4)
 *(.fini4)
 *(.fini3)
 *(.fini3)
 *(.fini2)
 *(.fini2)
 *(.fini1)
 *(.fini1)
 *(.fini0)
 .fini0         0x00001204        0x4 d:/program files (x86)/atmel/studio/7.0/toolchain/avr8/avr8-gnu-toolchain/bin/../lib/gcc/avr/5.4.0/avr5\libgcc.a(_exit.o)
 *(.fini0)
                0x00001208                _etext = .

.data           0x00800100       0x72 load address 0x00001208
                0x00800100                PROVIDE (__data_start, .)
 *(.data)
 *(.data*)
 *(.gnu.linkonce.d*)
 *(.rodata)
 *(.rodata*)
 .rodata.str1.1
                0x00800100       0x3e Sketch.o
 .rodata._ZTV14HardwareSerial
                0x0080013e       0x12 D:\WORK\Project\Github\etable\code\Arduino\AS7_test\AS7_test\ArduinoCore\Debug\libArduinoCore.a(HardwareSerial.o)
                0x0080013e                _ZTV14HardwareSerial
 .rodata.str1.1
                0x00800150        0xf D:\WORK\Project\Github\etable\code\Arduino\AS7_test\AS7_test\ArduinoCore\Debug\libArduinoCore.a(Print.o)
 .rodata._ZTV7TwoWire
                0x0080015f       0x12 D:\WORK\Project\Github\etable\code\Arduino\AS7_test\AS7_test\ArduinoCore\Debug\libArduinoCore.a(Wire.o)
                0x0080015f                _ZTV7TwoWire
 *(.gnu.linkonce.r*)
                0x00800172                . = ALIGN (0x2)
 *fill*         0x00800171        0x1 
                0x00800172                _edata = .
                0x00800172                PROVIDE (__data_end, .)

.bss            0x00800172      0x18f
                0x00800172                PROVIDE (__bss_start, .)
 *(.bss)
 *(.bss*)
 .bss.u8temp    0x00800172        0x1 Sketch.o
                0x00800172                u8temp
 .bss.j         0x00800173        0x2 Sketch.o
                0x00800173                j
 .bss.i         0x00800175        0x2 Sketch.o
                0x00800175                i
 .bss.buff_ee   0x00800177       0x10 Sketch.o
                0x00800177                buff_ee
 .bss.payload   0x00800187       0x10 Sketch.o
                0x00800187                payload
 .bss.Serial    0x00800197       0x9d D:\WORK\Project\Github\etable\code\Arduino\AS7_test\AS7_test\ArduinoCore\Debug\libArduinoCore.a(HardwareSerial0.o)
                0x00800197                Serial
 .bss.timer0_fract
                0x00800234        0x1 D:\WORK\Project\Github\etable\code\Arduino\AS7_test\AS7_test\ArduinoCore\Debug\libArduinoCore.a(wiring.o)
 .bss.timer0_millis
                0x00800235        0x4 D:\WORK\Project\Github\etable\code\Arduino\AS7_test\AS7_test\ArduinoCore\Debug\libArduinoCore.a(wiring.o)
                0x00800235                timer0_millis
 .bss.timer0_overflow_count
                0x00800239        0x4 D:\WORK\Project\Github\etable\code\Arduino\AS7_test\AS7_test\ArduinoCore\Debug\libArduinoCore.a(wiring.o)
                0x00800239                timer0_overflow_count
 .bss.Wire      0x0080023d        0xc D:\WORK\Project\Github\etable\code\Arduino\AS7_test\AS7_test\ArduinoCore\Debug\libArduinoCore.a(Wire.o)
                0x0080023d                Wire
 .bss._ZN7TwoWire14user_onReceiveE
                0x00800249        0x2 D:\WORK\Project\Github\etable\code\Arduino\AS7_test\AS7_test\ArduinoCore\Debug\libArduinoCore.a(Wire.o)
                0x00800249                _ZN7TwoWire14user_onReceiveE
 .bss._ZN7TwoWire14user_onRequestE
                0x0080024b        0x2 D:\WORK\Project\Github\etable\code\Arduino\AS7_test\AS7_test\ArduinoCore\Debug\libArduinoCore.a(Wire.o)
                0x0080024b                _ZN7TwoWire14user_onRequestE
 .bss._ZN7TwoWire12transmittingE
                0x0080024d        0x1 D:\WORK\Project\Github\etable\code\Arduino\AS7_test\AS7_test\ArduinoCore\Debug\libArduinoCore.a(Wire.o)
                0x0080024d                _ZN7TwoWire12transmittingE
 .bss._ZN7TwoWire14txBufferLengthE
                0x0080024e        0x1 D:\WORK\Project\Github\etable\code\Arduino\AS7_test\AS7_test\ArduinoCore\Debug\libArduinoCore.a(Wire.o)
                0x0080024e                _ZN7TwoWire14txBufferLengthE
 .bss._ZN7TwoWire13txBufferIndexE
                0x0080024f        0x1 D:\WORK\Project\Github\etable\code\Arduino\AS7_test\AS7_test\ArduinoCore\Debug\libArduinoCore.a(Wire.o)
                0x0080024f                _ZN7TwoWire13txBufferIndexE
 .bss._ZN7TwoWire8txBufferE
                0x00800250       0x20 D:\WORK\Project\Github\etable\code\Arduino\AS7_test\AS7_test\ArduinoCore\Debug\libArduinoCore.a(Wire.o)
                0x00800250                _ZN7TwoWire8txBufferE
 .bss._ZN7TwoWire9txAddressE
                0x00800270        0x1 D:\WORK\Project\Github\etable\code\Arduino\AS7_test\AS7_test\ArduinoCore\Debug\libArduinoCore.a(Wire.o)
                0x00800270                _ZN7TwoWire9txAddressE
 .bss._ZN7TwoWire14rxBufferLengthE
                0x00800271        0x1 D:\WORK\Project\Github\etable\code\Arduino\AS7_test\AS7_test\ArduinoCore\Debug\libArduinoCore.a(Wire.o)
                0x00800271                _ZN7TwoWire14rxBufferLengthE
 .bss._ZN7TwoWire13rxBufferIndexE
                0x00800272        0x1 D:\WORK\Project\Github\etable\code\Arduino\AS7_test\AS7_test\ArduinoCore\Debug\libArduinoCore.a(Wire.o)
                0x00800272                _ZN7TwoWire13rxBufferIndexE
 .bss._ZN7TwoWire8rxBufferE
                0x00800273       0x20 D:\WORK\Project\Github\etable\code\Arduino\AS7_test\AS7_test\ArduinoCore\Debug\libArduinoCore.a(Wire.o)
                0x00800273                _ZN7TwoWire8rxBufferE
 .bss.twi_error
                0x00800293        0x1 D:\WORK\Project\Github\etable\code\Arduino\AS7_test\AS7_test\ArduinoCore\Debug\libArduinoCore.a(twi.o)
 .bss.twi_rxBufferIndex
                0x00800294        0x1 D:\WORK\Project\Github\etable\code\Arduino\AS7_test\AS7_test\ArduinoCore\Debug\libArduinoCore.a(twi.o)
 .bss.twi_rxBuffer
                0x00800295       0x20 D:\WORK\Project\Github\etable\code\Arduino\AS7_test\AS7_test\ArduinoCore\Debug\libArduinoCore.a(twi.o)
 .bss.twi_txBufferLength
                0x008002b5        0x1 D:\WORK\Project\Github\etable\code\Arduino\AS7_test\AS7_test\ArduinoCore\Debug\libArduinoCore.a(twi.o)
 .bss.twi_txBufferIndex
                0x008002b6        0x1 D:\WORK\Project\Github\etable\code\Arduino\AS7_test\AS7_test\ArduinoCore\Debug\libArduinoCore.a(twi.o)
 .bss.twi_txBuffer
                0x008002b7       0x20 D:\WORK\Project\Github\etable\code\Arduino\AS7_test\AS7_test\ArduinoCore\Debug\libArduinoCore.a(twi.o)
 .bss.twi_masterBufferLength
                0x008002d7        0x1 D:\WORK\Project\Github\etable\code\Arduino\AS7_test\AS7_test\ArduinoCore\Debug\libArduinoCore.a(twi.o)
 .bss.twi_masterBufferIndex
                0x008002d8        0x1 D:\WORK\Project\Github\etable\code\Arduino\AS7_test\AS7_test\ArduinoCore\Debug\libArduinoCore.a(twi.o)
 .bss.twi_masterBuffer
                0x008002d9       0x20 D:\WORK\Project\Github\etable\code\Arduino\AS7_test\AS7_test\ArduinoCore\Debug\libArduinoCore.a(twi.o)
 .bss.twi_onSlaveReceive
                0x008002f9        0x2 D:\WORK\Project\Github\etable\code\Arduino\AS7_test\AS7_test\ArduinoCore\Debug\libArduinoCore.a(twi.o)
 .bss.twi_onSlaveTransmit
                0x008002fb        0x2 D:\WORK\Project\Github\etable\code\Arduino\AS7_test\AS7_test\ArduinoCore\Debug\libArduinoCore.a(twi.o)
 .bss.twi_inRepStart
                0x008002fd        0x1 D:\WORK\Project\Github\etable\code\Arduino\AS7_test\AS7_test\ArduinoCore\Debug\libArduinoCore.a(twi.o)
 .bss.twi_sendStop
                0x008002fe        0x1 D:\WORK\Project\Github\etable\code\Arduino\AS7_test\AS7_test\ArduinoCore\Debug\libArduinoCore.a(twi.o)
 .bss.twi_slarw
                0x008002ff        0x1 D:\WORK\Project\Github\etable\code\Arduino\AS7_test\AS7_test\ArduinoCore\Debug\libArduinoCore.a(twi.o)
 .bss.twi_state
                0x00800300        0x1 D:\WORK\Project\Github\etable\code\Arduino\AS7_test\AS7_test\ArduinoCore\Debug\libArduinoCore.a(twi.o)
 *(COMMON)
                0x00800301                PROVIDE (__bss_end, .)
                0x00001208                __data_load_start = LOADADDR (.data)
                0x0000127a                __data_load_end = (__data_load_start + SIZEOF (.data))

.noinit         0x00800301        0x0
                [!provide]                PROVIDE (__noinit_start, .)
 *(.noinit*)
                [!provide]                PROVIDE (__noinit_end, .)
                0x00800301                _end = .
                [!provide]                PROVIDE (__heap_start, .)

.eeprom         0x00810000        0x0
 *(.eeprom*)
                0x00810000                __eeprom_end = .

.fuse
 *(.fuse)
 *(.lfuse)
 *(.hfuse)
 *(.efuse)

.lock
 *(.lock*)

.signature
 *(.signature*)

.user_signatures
 *(.user_signatures*)

.stab
 *(.stab)

.stabstr
 *(.stabstr)

.stab.excl
 *(.stab.excl)

.stab.exclstr
 *(.stab.exclstr)

.stab.index
 *(.stab.index)

.stab.indexstr
 *(.stab.indexstr)

.comment        0x00000000       0x30
 *(.comment)
 .comment       0x00000000       0x30 Sketch.o
                                 0x31 (size before relaxing)
 .comment       0x00000030       0x31 D:\WORK\Project\Github\etable\code\Arduino\AS7_test\AS7_test\ArduinoCore\Debug\libArduinoCore.a(HardwareSerial.o)
 .comment       0x00000030       0x31 D:\WORK\Project\Github\etable\code\Arduino\AS7_test\AS7_test\ArduinoCore\Debug\libArduinoCore.a(HardwareSerial0.o)
 .comment       0x00000030       0x31 D:\WORK\Project\Github\etable\code\Arduino\AS7_test\AS7_test\ArduinoCore\Debug\libArduinoCore.a(main.o)
 .comment       0x00000030       0x31 D:\WORK\Project\Github\etable\code\Arduino\AS7_test\AS7_test\ArduinoCore\Debug\libArduinoCore.a(Print.o)
 .comment       0x00000030       0x31 D:\WORK\Project\Github\etable\code\Arduino\AS7_test\AS7_test\ArduinoCore\Debug\libArduinoCore.a(wiring.o)
 .comment       0x00000030       0x31 D:\WORK\Project\Github\etable\code\Arduino\AS7_test\AS7_test\ArduinoCore\Debug\libArduinoCore.a(Wire.o)
 .comment       0x00000030       0x31 D:\WORK\Project\Github\etable\code\Arduino\AS7_test\AS7_test\ArduinoCore\Debug\libArduinoCore.a(hooks.o)
 .comment       0x00000030       0x31 D:\WORK\Project\Github\etable\code\Arduino\AS7_test\AS7_test\ArduinoCore\Debug\libArduinoCore.a(twi.o)
 .comment       0x00000030       0x31 D:\WORK\Project\Github\etable\code\Arduino\AS7_test\AS7_test\ArduinoCore\Debug\libArduinoCore.a(wiring_digital.o)

.note.gnu.avr.deviceinfo
                0x00000000       0x40
 .note.gnu.avr.deviceinfo
                0x00000000       0x40 D:/Program Files (x86)/Atmel/Studio/7.0/Packs/atmel/ATmega_DFP/1.2.209/gcc/dev/atmega328p/avr5/crtatmega328p.o

.note.gnu.build-id
 *(.note.gnu.build-id)

.debug
 *(.debug)

.line
 *(.line)

.debug_srcinfo
 *(.debug_srcinfo)

.debug_sfnames
 *(.debug_sfnames)

.debug_aranges  0x00000000      0x420
 *(.debug_aranges)
 .debug_aranges
                0x00000000       0x28 Sketch.o
 .debug_aranges
                0x00000028       0x68 D:\WORK\Project\Github\etable\code\Arduino\AS7_test\AS7_test\ArduinoCore\Debug\libArduinoCore.a(HardwareSerial.o)
 .debug_aranges
                0x00000090       0x48 D:\WORK\Project\Github\etable\code\Arduino\AS7_test\AS7_test\ArduinoCore\Debug\libArduinoCore.a(HardwareSerial0.o)
 .debug_aranges
                0x000000d8       0x30 D:\WORK\Project\Github\etable\code\Arduino\AS7_test\AS7_test\ArduinoCore\Debug\libArduinoCore.a(main.o)
 .debug_aranges
                0x00000108      0x100 D:\WORK\Project\Github\etable\code\Arduino\AS7_test\AS7_test\ArduinoCore\Debug\libArduinoCore.a(Print.o)
 .debug_aranges
                0x00000208       0x48 D:\WORK\Project\Github\etable\code\Arduino\AS7_test\AS7_test\ArduinoCore\Debug\libArduinoCore.a(wiring.o)
 .debug_aranges
                0x00000250       0xf8 D:\WORK\Project\Github\etable\code\Arduino\AS7_test\AS7_test\ArduinoCore\Debug\libArduinoCore.a(Wire.o)
 .debug_aranges
                0x00000348       0x20 D:\WORK\Project\Github\etable\code\Arduino\AS7_test\AS7_test\ArduinoCore\Debug\libArduinoCore.a(hooks.o)
 .debug_aranges
                0x00000368       0x80 D:\WORK\Project\Github\etable\code\Arduino\AS7_test\AS7_test\ArduinoCore\Debug\libArduinoCore.a(twi.o)
 .debug_aranges
                0x000003e8       0x38 D:\WORK\Project\Github\etable\code\Arduino\AS7_test\AS7_test\ArduinoCore\Debug\libArduinoCore.a(wiring_digital.o)

.debug_pubnames
 *(.debug_pubnames)

.debug_info     0x00000000     0xa89c
 *(.debug_info .gnu.linkonce.wi.*)
 .debug_info    0x00000000      0x5f4 D:/Program Files (x86)/Atmel/Studio/7.0/Packs/atmel/ATmega_DFP/1.2.209/gcc/dev/atmega328p/avr5/crtatmega328p.o
 .debug_info    0x000005f4      0x63d Sketch.o
 .debug_info    0x00000c31     0x1f64 D:\WORK\Project\Github\etable\code\Arduino\AS7_test\AS7_test\ArduinoCore\Debug\libArduinoCore.a(HardwareSerial.o)
 .debug_info    0x00002b95     0x1b16 D:\WORK\Project\Github\etable\code\Arduino\AS7_test\AS7_test\ArduinoCore\Debug\libArduinoCore.a(HardwareSerial0.o)
 .debug_info    0x000046ab      0x237 D:\WORK\Project\Github\etable\code\Arduino\AS7_test\AS7_test\ArduinoCore\Debug\libArduinoCore.a(main.o)
 .debug_info    0x000048e2     0x28ff D:\WORK\Project\Github\etable\code\Arduino\AS7_test\AS7_test\ArduinoCore\Debug\libArduinoCore.a(Print.o)
 .debug_info    0x000071e1      0x2cb D:\WORK\Project\Github\etable\code\Arduino\AS7_test\AS7_test\ArduinoCore\Debug\libArduinoCore.a(wiring.o)
 .debug_info    0x000074ac     0x27b0 D:\WORK\Project\Github\etable\code\Arduino\AS7_test\AS7_test\ArduinoCore\Debug\libArduinoCore.a(Wire.o)
 .debug_info    0x00009c5c       0x3e D:\WORK\Project\Github\etable\code\Arduino\AS7_test\AS7_test\ArduinoCore\Debug\libArduinoCore.a(hooks.o)
 .debug_info    0x00009c9a      0x604 D:\WORK\Project\Github\etable\code\Arduino\AS7_test\AS7_test\ArduinoCore\Debug\libArduinoCore.a(twi.o)
 .debug_info    0x0000a29e      0x5fe D:\WORK\Project\Github\etable\code\Arduino\AS7_test\AS7_test\ArduinoCore\Debug\libArduinoCore.a(wiring_digital.o)

.debug_abbrev   0x00000000     0x209d
 *(.debug_abbrev)
 .debug_abbrev  0x00000000      0x5a2 D:/Program Files (x86)/Atmel/Studio/7.0/Packs/atmel/ATmega_DFP/1.2.209/gcc/dev/atmega328p/avr5/crtatmega328p.o
 .debug_abbrev  0x000005a2      0x223 Sketch.o
 .debug_abbrev  0x000007c5      0x4b7 D:\WORK\Project\Github\etable\code\Arduino\AS7_test\AS7_test\ArduinoCore\Debug\libArduinoCore.a(HardwareSerial.o)
 .debug_abbrev  0x00000c7c      0x3ce D:\WORK\Project\Github\etable\code\Arduino\AS7_test\AS7_test\ArduinoCore\Debug\libArduinoCore.a(HardwareSerial0.o)
 .debug_abbrev  0x0000104a      0x12d D:\WORK\Project\Github\etable\code\Arduino\AS7_test\AS7_test\ArduinoCore\Debug\libArduinoCore.a(main.o)
 .debug_abbrev  0x00001177      0x47a D:\WORK\Project\Github\etable\code\Arduino\AS7_test\AS7_test\ArduinoCore\Debug\libArduinoCore.a(Print.o)
 .debug_abbrev  0x000015f1      0x146 D:\WORK\Project\Github\etable\code\Arduino\AS7_test\AS7_test\ArduinoCore\Debug\libArduinoCore.a(wiring.o)
 .debug_abbrev  0x00001737      0x581 D:\WORK\Project\Github\etable\code\Arduino\AS7_test\AS7_test\ArduinoCore\Debug\libArduinoCore.a(Wire.o)
 .debug_abbrev  0x00001cb8       0x2a D:\WORK\Project\Github\etable\code\Arduino\AS7_test\AS7_test\ArduinoCore\Debug\libArduinoCore.a(hooks.o)
 .debug_abbrev  0x00001ce2      0x260 D:\WORK\Project\Github\etable\code\Arduino\AS7_test\AS7_test\ArduinoCore\Debug\libArduinoCore.a(twi.o)
 .debug_abbrev  0x00001f42      0x15b D:\WORK\Project\Github\etable\code\Arduino\AS7_test\AS7_test\ArduinoCore\Debug\libArduinoCore.a(wiring_digital.o)

.debug_line     0x00000000     0x2390
 *(.debug_line .debug_line.* .debug_line_end)
 .debug_line    0x00000000      0x133 D:/Program Files (x86)/Atmel/Studio/7.0/Packs/atmel/ATmega_DFP/1.2.209/gcc/dev/atmega328p/avr5/crtatmega328p.o
 .debug_line    0x00000133      0x316 Sketch.o
 .debug_line    0x00000449      0x4c4 D:\WORK\Project\Github\etable\code\Arduino\AS7_test\AS7_test\ArduinoCore\Debug\libArduinoCore.a(HardwareSerial.o)
 .debug_line    0x0000090d      0x28c D:\WORK\Project\Github\etable\code\Arduino\AS7_test\AS7_test\ArduinoCore\Debug\libArduinoCore.a(HardwareSerial0.o)
 .debug_line    0x00000b99      0x165 D:\WORK\Project\Github\etable\code\Arduino\AS7_test\AS7_test\ArduinoCore\Debug\libArduinoCore.a(main.o)
 .debug_line    0x00000cfe      0x685 D:\WORK\Project\Github\etable\code\Arduino\AS7_test\AS7_test\ArduinoCore\Debug\libArduinoCore.a(Print.o)
 .debug_line    0x00001383      0x299 D:\WORK\Project\Github\etable\code\Arduino\AS7_test\AS7_test\ArduinoCore\Debug\libArduinoCore.a(wiring.o)
 .debug_line    0x0000161c      0x5ec D:\WORK\Project\Github\etable\code\Arduino\AS7_test\AS7_test\ArduinoCore\Debug\libArduinoCore.a(Wire.o)
 .debug_line    0x00001c08       0x41 D:\WORK\Project\Github\etable\code\Arduino\AS7_test\AS7_test\ArduinoCore\Debug\libArduinoCore.a(hooks.o)
 .debug_line    0x00001c49      0x4f5 D:\WORK\Project\Github\etable\code\Arduino\AS7_test\AS7_test\ArduinoCore\Debug\libArduinoCore.a(twi.o)
 .debug_line    0x0000213e      0x252 D:\WORK\Project\Github\etable\code\Arduino\AS7_test\AS7_test\ArduinoCore\Debug\libArduinoCore.a(wiring_digital.o)

.debug_frame    0x00000000      0xb44
 *(.debug_frame)
 .debug_frame   0x00000000       0x3c Sketch.o
 .debug_frame   0x0000003c      0x110 D:\WORK\Project\Github\etable\code\Arduino\AS7_test\AS7_test\ArduinoCore\Debug\libArduinoCore.a(HardwareSerial.o)
 .debug_frame   0x0000014c       0xe0 D:\WORK\Project\Github\etable\code\Arduino\AS7_test\AS7_test\ArduinoCore\Debug\libArduinoCore.a(HardwareSerial0.o)
 .debug_frame   0x0000022c       0x54 D:\WORK\Project\Github\etable\code\Arduino\AS7_test\AS7_test\ArduinoCore\Debug\libArduinoCore.a(main.o)
 .debug_frame   0x00000280      0x3ac D:\WORK\Project\Github\etable\code\Arduino\AS7_test\AS7_test\ArduinoCore\Debug\libArduinoCore.a(Print.o)
 .debug_frame   0x0000062c       0xc4 D:\WORK\Project\Github\etable\code\Arduino\AS7_test\AS7_test\ArduinoCore\Debug\libArduinoCore.a(wiring.o)
 .debug_frame   0x000006f0      0x280 D:\WORK\Project\Github\etable\code\Arduino\AS7_test\AS7_test\ArduinoCore\Debug\libArduinoCore.a(Wire.o)
 .debug_frame   0x00000970       0x24 D:\WORK\Project\Github\etable\code\Arduino\AS7_test\AS7_test\ArduinoCore\Debug\libArduinoCore.a(hooks.o)
 .debug_frame   0x00000994      0x134 D:\WORK\Project\Github\etable\code\Arduino\AS7_test\AS7_test\ArduinoCore\Debug\libArduinoCore.a(twi.o)
 .debug_frame   0x00000ac8       0x7c D:\WORK\Project\Github\etable\code\Arduino\AS7_test\AS7_test\ArduinoCore\Debug\libArduinoCore.a(wiring_digital.o)

.debug_str      0x00000000     0x263b
 *(.debug_str)
 .debug_str     0x00000000      0x208 D:/Program Files (x86)/Atmel/Studio/7.0/Packs/atmel/ATmega_DFP/1.2.209/gcc/dev/atmega328p/avr5/crtatmega328p.o
 .debug_str     0x00000208      0x41c Sketch.o
                                0x485 (size before relaxing)
 .debug_str     0x00000624     0x131d D:\WORK\Project\Github\etable\code\Arduino\AS7_test\AS7_test\ArduinoCore\Debug\libArduinoCore.a(HardwareSerial.o)
                               0x160f (size before relaxing)
 .debug_str     0x00001941       0xca D:\WORK\Project\Github\etable\code\Arduino\AS7_test\AS7_test\ArduinoCore\Debug\libArduinoCore.a(HardwareSerial0.o)
                               0x1402 (size before relaxing)
 .debug_str     0x00001a0b       0x37 D:\WORK\Project\Github\etable\code\Arduino\AS7_test\AS7_test\ArduinoCore\Debug\libArduinoCore.a(main.o)
                                0x2ae (size before relaxing)
 .debug_str     0x00001a42      0x378 D:\WORK\Project\Github\etable\code\Arduino\AS7_test\AS7_test\ArduinoCore\Debug\libArduinoCore.a(Print.o)
                               0x123c (size before relaxing)
 .debug_str     0x00001dba      0x15c D:\WORK\Project\Github\etable\code\Arduino\AS7_test\AS7_test\ArduinoCore\Debug\libArduinoCore.a(wiring.o)
                                0x244 (size before relaxing)
 .debug_str     0x00001f16      0x4dc D:\WORK\Project\Github\etable\code\Arduino\AS7_test\AS7_test\ArduinoCore\Debug\libArduinoCore.a(Wire.o)
                               0x18bb (size before relaxing)
 .debug_str     0x000023f2       0x1c D:\WORK\Project\Github\etable\code\Arduino\AS7_test\AS7_test\ArduinoCore\Debug\libArduinoCore.a(hooks.o)
                                0x139 (size before relaxing)
 .debug_str     0x0000240e      0x15e D:\WORK\Project\Github\etable\code\Arduino\AS7_test\AS7_test\ArduinoCore\Debug\libArduinoCore.a(twi.o)
                                0x3c4 (size before relaxing)
 .debug_str     0x0000256c       0xcf D:\WORK\Project\Github\etable\code\Arduino\AS7_test\AS7_test\ArduinoCore\Debug\libArduinoCore.a(wiring_digital.o)
                                0x2a9 (size before relaxing)

.debug_loc      0x00000000     0x3bbe
 *(.debug_loc)
 .debug_loc     0x00000000       0x56 Sketch.o
 .debug_loc     0x00000056      0x4dc D:\WORK\Project\Github\etable\code\Arduino\AS7_test\AS7_test\ArduinoCore\Debug\libArduinoCore.a(HardwareSerial.o)
 .debug_loc     0x00000532      0x1b0 D:\WORK\Project\Github\etable\code\Arduino\AS7_test\AS7_test\ArduinoCore\Debug\libArduinoCore.a(HardwareSerial0.o)
 .debug_loc     0x000006e2     0x1c87 D:\WORK\Project\Github\etable\code\Arduino\AS7_test\AS7_test\ArduinoCore\Debug\libArduinoCore.a(Print.o)
 .debug_loc     0x00002369      0x28d D:\WORK\Project\Github\etable\code\Arduino\AS7_test\AS7_test\ArduinoCore\Debug\libArduinoCore.a(wiring.o)
 .debug_loc     0x000025f6      0xbe6 D:\WORK\Project\Github\etable\code\Arduino\AS7_test\AS7_test\ArduinoCore\Debug\libArduinoCore.a(Wire.o)
 .debug_loc     0x000031dc      0x3e6 D:\WORK\Project\Github\etable\code\Arduino\AS7_test\AS7_test\ArduinoCore\Debug\libArduinoCore.a(twi.o)
 .debug_loc     0x000035c2      0x5fc D:\WORK\Project\Github\etable\code\Arduino\AS7_test\AS7_test\ArduinoCore\Debug\libArduinoCore.a(wiring_digital.o)

.debug_macinfo
 *(.debug_macinfo)

.debug_weaknames
 *(.debug_weaknames)

.debug_funcnames
 *(.debug_funcnames)

.debug_typenames
 *(.debug_typenames)

.debug_varnames
 *(.debug_varnames)

.debug_pubtypes
 *(.debug_pubtypes)

.debug_ranges   0x00000000      0x3b0
 *(.debug_ranges)
 .debug_ranges  0x00000000       0x18 Sketch.o
 .debug_ranges  0x00000018       0x58 D:\WORK\Project\Github\etable\code\Arduino\AS7_test\AS7_test\ArduinoCore\Debug\libArduinoCore.a(HardwareSerial.o)
 .debug_ranges  0x00000070       0x38 D:\WORK\Project\Github\etable\code\Arduino\AS7_test\AS7_test\ArduinoCore\Debug\libArduinoCore.a(HardwareSerial0.o)
 .debug_ranges  0x000000a8       0x20 D:\WORK\Project\Github\etable\code\Arduino\AS7_test\AS7_test\ArduinoCore\Debug\libArduinoCore.a(main.o)
 .debug_ranges  0x000000c8      0x120 D:\WORK\Project\Github\etable\code\Arduino\AS7_test\AS7_test\ArduinoCore\Debug\libArduinoCore.a(Print.o)
 .debug_ranges  0x000001e8       0x38 D:\WORK\Project\Github\etable\code\Arduino\AS7_test\AS7_test\ArduinoCore\Debug\libArduinoCore.a(wiring.o)
 .debug_ranges  0x00000220       0xe8 D:\WORK\Project\Github\etable\code\Arduino\AS7_test\AS7_test\ArduinoCore\Debug\libArduinoCore.a(Wire.o)
 .debug_ranges  0x00000308       0x10 D:\WORK\Project\Github\etable\code\Arduino\AS7_test\AS7_test\ArduinoCore\Debug\libArduinoCore.a(hooks.o)
 .debug_ranges  0x00000318       0x70 D:\WORK\Project\Github\etable\code\Arduino\AS7_test\AS7_test\ArduinoCore\Debug\libArduinoCore.a(twi.o)
 .debug_ranges  0x00000388       0x28 D:\WORK\Project\Github\etable\code\Arduino\AS7_test\AS7_test\ArduinoCore\Debug\libArduinoCore.a(wiring_digital.o)

.debug_macro
 *(.debug_macro)
OUTPUT(i2c_master_test.elf elf32-avr)
LOAD linker stubs
