
Linker Version 8.7.6.180315
Input Object File: D:\WORK\Project\Github\etable\code\I2C\I2C_MASTER.OBJ
Input Object File: D:\WORK\Project\Github\etable\code\I2C\MY_FUN.OBJ
Input Object File: D:\WORK\Project\Github\etable\code\I2C\HT66F319_I2C_UART.OBJ
Input Object File: D:\WORK\Project\Github\etable\code\I2C\STARTUP0_L.OBJ

Input Library File: C:\Program Files\Holtek MCU Development Tools\HT-IDE3000V7.x\LIB\LIBHOLTEKGCC.LIB
Input Library File: C:\Program Files\Holtek MCU Development Tools\HT-IDE3000V7.x\LIB\v3_tabrd_mrsc.lib


     Bank    Start     End      Length     Class    AvgIns    Name
     00h     0000h     0000h    0001h      CODE               @code (D:\WORK\Project\Github\etable\code\I2C\HT66F319_I2C_UART.OBJ)
     00h     0001h     0006h    0006h      CODE               @crom (D:\WORK\Project\Github\etable\code\I2C\MY_FUN.OBJ)
     00h     0007h     0013h    000dh      CODE               @crom (D:\WORK\Project\Github\etable\code\I2C\HT66F319_I2C_UART.OBJ)
     00h     0014h     001ah    0007h      CODE               _main (D:\WORK\Project\Github\etable\code\I2C\HT66F319_I2C_UART.OBJ)
     00h     001ch     001fh    0004h      CODE               @Int_Tb0_code (D:\WORK\Project\Github\etable\code\I2C\HT66F319_I2C_UART.OBJ)
     00h     0020h     0023h    0004h      CODE               @Int_Tb1_code (D:\WORK\Project\Github\etable\code\I2C\HT66F319_I2C_UART.OBJ)
     00h     0024h     0026h    0003h      CODE               _Clear_Rx (D:\WORK\Project\Github\etable\code\I2C\HT66F319_I2C_UART.OBJ)
     00h     0028h     002bh    0004h      CODE               @Int_I2C_code (D:\WORK\Project\Github\etable\code\I2C\HT66F319_I2C_UART.OBJ)
     00h     002ch     002fh    0004h      CODE               @Int_UART_code (D:\WORK\Project\Github\etable\code\I2C\HT66F319_I2C_UART.OBJ)
     00h     0030h     007ch    004dh      CODE               @start (D:\WORK\Project\Github\etable\code\I2C\HT66F319_I2C_UART.OBJ)
     00h     007dh     00a1h    0025h      CODE               _my_strcpy1 (D:\WORK\Project\Github\etable\code\I2C\MY_FUN.OBJ)
     00h     00a2h     00f9h    0058h      CODE               _utoa (D:\WORK\Project\Github\etable\code\I2C\MY_FUN.OBJ)
     00h     00fah     0125h    002ch      CODE               _EE_Write_Byte (D:\WORK\Project\Github\etable\code\I2C\MY_FUN.OBJ)
     00h     0126h     013fh    001ah      CODE               _EE_Write (D:\WORK\Project\Github\etable\code\I2C\MY_FUN.OBJ)
     00h     0140h     015eh    001fh      CODE               _EE_Read_Byte (D:\WORK\Project\Github\etable\code\I2C\MY_FUN.OBJ)
     00h     015fh     017eh    0020h      CODE               _Init_Vars (D:\WORK\Project\Github\etable\code\I2C\HT66F319_I2C_UART.OBJ)
     00h     017fh     01ach    002eh      CODE               _Led_Current_Set (D:\WORK\Project\Github\etable\code\I2C\HT66F319_I2C_UART.OBJ)
     00h     01adh     01edh    0041h      CODE               _Init_System (D:\WORK\Project\Github\etable\code\I2C\HT66F319_I2C_UART.OBJ)
     00h     01eeh     0222h    0035h      CODE               _Digit_Set (D:\WORK\Project\Github\etable\code\I2C\HT66F319_I2C_UART.OBJ)
     00h     0223h     0234h    0012h      CODE               _Com_Sel (D:\WORK\Project\Github\etable\code\I2C\HT66F319_I2C_UART.OBJ)
     00h     0235h     0295h    0061h      CODE               _Led_Scan (D:\WORK\Project\Github\etable\code\I2C\HT66F319_I2C_UART.OBJ)
     00h     0296h     02e6h    0051h      CODE               _Key_Scan (D:\WORK\Project\Github\etable\code\I2C\HT66F319_I2C_UART.OBJ)
     00h     02e7h     03f1h    010bh      CODE               _Command_Parse (D:\WORK\Project\Github\etable\code\I2C\HT66F319_I2C_UART.OBJ)
     00h     03f2h     040dh    001ch      CODE               _Int_Tb0 (D:\WORK\Project\Github\etable\code\I2C\HT66F319_I2C_UART.OBJ)
     00h     040eh     043bh    002eh      CODE               _Int_Tb1 (D:\WORK\Project\Github\etable\code\I2C\HT66F319_I2C_UART.OBJ)
     00h     043ch     0441h    0006h      CODE               _Int_UART (D:\WORK\Project\Github\etable\code\I2C\HT66F319_I2C_UART.OBJ)
     00h     0442h     0494h    0053h      CODE               _Int_I2C (D:\WORK\Project\Github\etable\code\I2C\HT66F319_I2C_UART.OBJ)
     00h     0495h     04a1h    000dh      CODE               @ROMDATA_BASE (D:\WORK\Project\Github\etable\code\I2C\STARTUP0_L.OBJ)
     00h     04a2h     04c6h    0025h      CODE               _builtin_holtek_divmodhi4_isr00 (C:\Program Files\Holtek MCU Development Tools\HT-IDE3000V7.x\LIB\LIBHOLTEKGCC.LIB)
     00h     04c7h     04d6h    0010h      CODE               _CROM2PROM (CROM2PROM)
     00h     0080h     008ch    000dh      DATA     3.3846    @HCCINIT (D:\WORK\Project\Github\etable\code\I2C\HT66F319_I2C_UART.OBJ)
     00h     008dh     00bch    0030h      DATA     0.8541    @HCCINIT0 (D:\WORK\Project\Github\etable\code\I2C\HT66F319_I2C_UART.OBJ)
     00h     00bdh     00bdh    0001h      DATA     0         @BITDATASEC (D:\WORK\Project\Github\etable\code\I2C\STARTUP0_L.OBJ)
     00h     00beh     00beh    0001h      DATA     99        @data_ra (C:\Program Files\Holtek MCU Development Tools\HT-IDE3000V7.x\LIB\LIBHOLTEKGCC.LIB)
     00h     00bfh     00bfh    0001h      DATA     46        @data_rb (C:\Program Files\Holtek MCU Development Tools\HT-IDE3000V7.x\LIB\LIBHOLTEKGCC.LIB)
     00h     00c0h     00c0h    0001h      DATA     45        @data_rc (C:\Program Files\Holtek MCU Development Tools\HT-IDE3000V7.x\LIB\LIBHOLTEKGCC.LIB)
     00h     00c1h     00c1h    0001h      DATA     17        @data_rd (C:\Program Files\Holtek MCU Development Tools\HT-IDE3000V7.x\LIB\LIBHOLTEKGCC.LIB)
     00h     00c2h     00c2h    0001h      DATA     9         @data_re (C:\Program Files\Holtek MCU Development Tools\HT-IDE3000V7.x\LIB\LIBHOLTEKGCC.LIB)
     00h     00c3h     00c3h    0001h      DATA     2         @data_rf (C:\Program Files\Holtek MCU Development Tools\HT-IDE3000V7.x\LIB\LIBHOLTEKGCC.LIB)
     00h     00c4h     00c4h    0001h      DATA     2         @data_rg (C:\Program Files\Holtek MCU Development Tools\HT-IDE3000V7.x\LIB\LIBHOLTEKGCC.LIB)
     00h     00c5h     00c5h    0001h      DATA     47        @data_ra00 (isr:ra~rh)
     00h     00c6h     00c6h    0001h      DATA     14        @data_rb00 (isr:ra~rh)
     00h     00c7h     00c7h    0001h      DATA     10        @data_rc00 (isr:ra~rh)
     00h     00c8h     00c8h    0001h      DATA     8         @data_rd00 (isr:ra~rh)
     00h     00c9h     00c9h    0001h      DATA     14        @data_rf00 (isr:ra~rh)
     00h     00cah     00cah    0001h      DATA     8         @data_rg00 (isr:ra~rh)
     00h     00cbh     00cbh    0001h      DATA     3         @data_rh00 (isr:ra~rh)
     00h     00cch     00cch    0001h      DATA     2         @data_re00 (isr:ra~rh)
     00h     00cdh     00cdh    0001h      DATA     8         @data_r100 (isr:ra~rh)
     00h     00ceh     00ceh    0001h      DATA     8         @data_r200 (isr:ra~rh)
     00h     00cfh     00cfh    0001h      DATA     6         @data_r300 (isr:ra~rh)
     00h     00d0h     00d0h    0001h      DATA     6         @data_r400 (isr:ra~rh)
     00h     00d1h     00d1h    0001h      DATA     6         @data_r500 (isr:ra~rh)
     00h     00d2h     00d2h    0001h      DATA     6         @data_r600 (isr:ra~rh)
     00h     00d3h     00d3h    0001h      DATA     6         @data_r700 (isr:ra~rh)

     Local Sections

     Bank    Start     End      Length     Class    AvgIns    Name
     00h     00ech     00ech    0000h      LOCAL    0         @dummy (D:\WORK\Project\Github\etable\code\I2C\HT66F319_I2C_UART.OBJ)
     00h     00ech     00ech    0000h      LOCAL    0         _main (D:\WORK\Project\Github\etable\code\I2C\HT66F319_I2C_UART.OBJ)
     00h     00d9h     00d9h    0000h      LOCAL    0         _Init_Vars (D:\WORK\Project\Github\etable\code\I2C\HT66F319_I2C_UART.OBJ)
     00h     00dah     00dah    0000h      LOCAL    0         _Init_System (D:\WORK\Project\Github\etable\code\I2C\HT66F319_I2C_UART.OBJ)
     00h     00d9h     00d9h    0001h      LOCAL    3         _Led_Current_Set (D:\WORK\Project\Github\etable\code\I2C\HT66F319_I2C_UART.OBJ)
     00h     00e7h     00ebh    0005h      LOCAL    8.6       _Command_Parse (D:\WORK\Project\Github\etable\code\I2C\HT66F319_I2C_UART.OBJ)
     00h     00d9h     00ddh    0005h      LOCAL    2         _my_strcpy1 (D:\WORK\Project\Github\etable\code\I2C\MY_FUN.OBJ)
     00h     00d4h     00d4h    0000h      LOCAL    0         _Crom2Prom (CROM2PROM)
     00h     00e1h     00e6h    0006h      LOCAL    4         _utoa (D:\WORK\Project\Github\etable\code\I2C\MY_FUN.OBJ)
     00h     00d9h     00e0h    0008h      LOCAL    5.125     _builtin_holtek_divmodhi4_isr00 (C:\Program Files\Holtek MCU Development Tools\HT-IDE3000V7.x\LIB\LIBHOLTEKGCC.LIB)
     00h     00d9h     00d9h    0001h      LOCAL    1         _EE_Read_Byte (D:\WORK\Project\Github\etable\code\I2C\MY_FUN.OBJ)
     00h     00d9h     00dah    0002h      LOCAL    2         _EE_Write_Byte (D:\WORK\Project\Github\etable\code\I2C\MY_FUN.OBJ)
     00h     00dbh     00dfh    0005h      LOCAL    2.6       _EE_Write (D:\WORK\Project\Github\etable\code\I2C\MY_FUN.OBJ)
     00h     00d9h     00d9h    0000h      LOCAL    0         _Clear_Rx (D:\WORK\Project\Github\etable\code\I2C\HT66F319_I2C_UART.OBJ)
     00h     00d9h     00d9h    0000h      LOCAL    0         @dummy28 (D:\WORK\Project\Github\etable\code\I2C\HT66F319_I2C_UART.OBJ)
     00h     00d9h     00d9h    0000h      LOCAL    0         _Int_Tb0 (D:\WORK\Project\Github\etable\code\I2C\HT66F319_I2C_UART.OBJ)
     00h     00d5h     00d8h    0004h      LOCAL    4         _Led_Scan (D:\WORK\Project\Github\etable\code\I2C\HT66F319_I2C_UART.OBJ)
     00h     00d4h     00d4h    0001h      LOCAL    7         _Digit_Set (D:\WORK\Project\Github\etable\code\I2C\HT66F319_I2C_UART.OBJ)
     00h     00d4h     00d4h    0001h      LOCAL    4         _Com_Sel (D:\WORK\Project\Github\etable\code\I2C\HT66F319_I2C_UART.OBJ)
     00h     00d4h     00d4h    0000h      LOCAL    0         @dummy32 (D:\WORK\Project\Github\etable\code\I2C\HT66F319_I2C_UART.OBJ)
     00h     00d4h     00d4h    0000h      LOCAL    0         _Int_Tb1 (D:\WORK\Project\Github\etable\code\I2C\HT66F319_I2C_UART.OBJ)
     00h     00d4h     00d4h    0000h      LOCAL    0         _Key_Scan (D:\WORK\Project\Github\etable\code\I2C\HT66F319_I2C_UART.OBJ)
     00h     00d4h     00d4h    0000h      LOCAL    0         @dummy44 (D:\WORK\Project\Github\etable\code\I2C\HT66F319_I2C_UART.OBJ)
     00h     00d4h     00d4h    0000h      LOCAL    0         _Int_UART (D:\WORK\Project\Github\etable\code\I2C\HT66F319_I2C_UART.OBJ)
     00h     00d5h     00d5h    0000h      LOCAL    0         @dummy40 (D:\WORK\Project\Github\etable\code\I2C\HT66F319_I2C_UART.OBJ)
     00h     00d4h     00d4h    0001h      LOCAL    1         _Int_I2C (D:\WORK\Project\Github\etable\code\I2C\HT66F319_I2C_UART.OBJ)

     Public Symbols Information
     Address            Public by Name
     0024h              _Clear_Rx
     0223h              _Com_Sel
     02e7h              _Command_Parse
     04c7h              _Crom2Prom
     04c7h              _Crom2PromNext
     01eeh              _Digit_Set
     0140h              _EE_Read_Byte
     0126h              _EE_Write
     00deh              _EE_Write_2
     00fah              _EE_Write_Byte
     01adh              _Init_System
     015fh              _Init_Vars
     0442h              _Int_I2C
     03f2h              _Int_Tb0
     040eh              _Int_Tb1
     043ch              _Int_UART
     0296h              _Key_Scan
     017fh              _Led_Current_Set
     0235h              _Led_Scan
     00bdh[0]           _b_ee_data_ready
     00adh              _buff_i2c_rx
     009ah              _buff_i2c_tx
     0092h              _buff_test
     04a2h              _builtin_holtek_udivmodhi4_isr00
     00e0h              _builtin_holtek_udivmodhi4_isr00_2
     008ch              _com
     0007h              _date_code
     0086h              _height
     0083h              _height_str
     0082h              _key_stat
     0088h              _led_duty
     008ah              _led_period
     0014h              _main
     007dh              _my_strcpy1
     00d9h              _my_strcpy1_2
     0081h              _ptr_i2c_rx_buff
     0080h              _ptr_i2c_tx_buff
     000bh              _seg_7_table
     00a2h              _utoa
     00e1h              _utoa_2
     00cdh              r100
     00ceh              r200
     00cfh              r300
     00d0h              r400
     00d1h              r500
     00d2h              r600
     00d3h              r700
     00beh              ra
     00c5h              ra00
     00bfh              rb
     00c6h              rb00
     00c0h              rc
     00c7h              rc00
     00c1h              rd
     00c8h              rd00
     00c2h              re
     00cch              re00
     00c3h              rf
     00c9h              rf00
     00c4h              rg
     00cah              rg00
     00cbh              rh00
     0495h              startup_value_1

     Address            Public by Value
     0007h              _date_code
     000bh              _seg_7_table
     0014h              _main
     0024h              _Clear_Rx
     007dh              _my_strcpy1
     0080h              _ptr_i2c_tx_buff
     0081h              _ptr_i2c_rx_buff
     0082h              _key_stat
     0083h              _height_str
     0086h              _height
     0088h              _led_duty
     008ah              _led_period
     008ch              _com
     0092h              _buff_test
     009ah              _buff_i2c_tx
     00a2h              _utoa
     00adh              _buff_i2c_rx
     00beh              ra
     00bfh              rb
     00c0h              rc
     00c1h              rd
     00c2h              re
     00c3h              rf
     00c4h              rg
     00c5h              ra00
     00c6h              rb00
     00c7h              rc00
     00c8h              rd00
     00c9h              rf00
     00cah              rg00
     00cbh              rh00
     00cch              re00
     00cdh              r100
     00ceh              r200
     00cfh              r300
     00d0h              r400
     00d1h              r500
     00d2h              r600
     00d3h              r700
     00d9h              _my_strcpy1_2
     00deh              _EE_Write_2
     00e0h              _builtin_holtek_udivmodhi4_isr00_2
     00e1h              _utoa_2
     00fah              _EE_Write_Byte
     0126h              _EE_Write
     0140h              _EE_Read_Byte
     015fh              _Init_Vars
     017fh              _Led_Current_Set
     01adh              _Init_System
     01eeh              _Digit_Set
     0223h              _Com_Sel
     0235h              _Led_Scan
     0296h              _Key_Scan
     02e7h              _Command_Parse
     03f2h              _Int_Tb0
     040eh              _Int_Tb1
     043ch              _Int_UART
     0442h              _Int_I2C
     0495h              startup_value_1
     04a2h              _builtin_holtek_udivmodhi4_isr00
     04c7h              _Crom2PromNext
     04c7h              _Crom2Prom
     00bdh[0]           _b_ee_data_ready


ROM Usage Statistics
     Size      Used     Percentage
     2000h     04d5h    15%

RAM Usage Statistics
    Bank      Size      Used     Percentage
     00h       0080h     006ch    84%
     01h       0080h     0000h    0%
     Total     0100h     006ch    42%

Use Stack Count
_I2c_Write: 4
_I2c_Read: 4
_my_strcpy: 1
_my_strcmp: 1
_atou: 2
_main: 3
_Int_Tb0: 2
_Int_Tb1: 1
_Int_UART: 0
_Int_I2C: 1

Call Tree
    _I2c_Write
        _I2c_SendStart (0)
            _Delay (1)
        _I2c_SendByte (0)
            _Delay (1)
            _Wait_Ack (1)
                _Delay (2)
                _I2c_SendStop (2)
                    _Delay (3)
        _Crom2Prom (0)
        _I2c_SendStop (0)
            _Delay (1)
    _I2c_Read
        _I2c_SendStart (0)
            _Delay (1)
        _I2c_SendByte (0)
            _Delay (1)
            _Wait_Ack (1)
                _Delay (2)
                _I2c_SendStop (2)
                    _Delay (3)
        _I2c_ReadByte (0)
            _Delay (1)
        _I2c_SendStop (0)
            _Delay (1)
        _Delay (0)
    _my_strcpy
        _Crom2Prom (0)
    _my_strcmp
        _Crom2Prom (0)
    _atou
        _strlen (0)
            _Crom2Prom (1)
        _Crom2Prom (0)
        _Char2hex (0)
        _builtin_holtek_mulsi3_isr00 (0)
    @dummy
        _main (0)
            _Init_Vars (1)
            _Init_System (1)
                _Led_Current_Set (2)
            _Command_Parse (1)
                _my_strcpy1 (2)
                    _Crom2Prom (3)
                _utoa (2)
                    _builtin_holtek_divmodhi4_isr00 (3)
                    _Crom2Prom (3)
                _EE_Read_Byte (2)
                _EE_Write_Byte (2)
                _EE_Write (2)
                    _Crom2Prom (3)
                    _EE_Write_Byte (3)
                _Led_Current_Set (2)
                _Crom2Prom (2)
                _Clear_Rx (2)
    @dummy28
        _Int_Tb0 (0)
            _Led_Scan (1)
                _Digit_Set (2)
                _Com_Sel (2)
                _Crom2Prom (2)
    @dummy32
        _Int_Tb1 (0)
            _Key_Scan (1)
    @dummy44
        _Int_UART (0)
    @dummy40
        _Int_I2C (0)
            _Crom2Prom (1)

HLINK: Program entry point at section '@code' (address 0) of file 'D:\WORK\Project\Github\etable\code\I2C\HT66F319_I2C_UART.OBJ'

Total 0 error(s), Total 0 Warning(s)
